12:24:52 **** Build of project gpsImode_proj_bsp ****
make -k all 
"Running Make include in ps7_cortexa9_0/libsrc/coresightps_dcc_v1_2/src"
make -C ps7_cortexa9_0/libsrc/coresightps_dcc_v1_2/src -s include  "SHELL=CMD" "COMPILER=arm-none-eabi-gcc" "ARCHIVER=arm-none-eabi-ar" "COMPILER_FLAGS=  -O2 -c" "EXTRA_COMPILER_FLAGS=-mcpu=cortex-a9 -mfpu=vfpv3 -mfloat-abi=hard -nostartfiles"
"Running Make include in ps7_cortexa9_0/libsrc/cpu_cortexa9_v2_2/src"
make -C ps7_cortexa9_0/libsrc/cpu_cortexa9_v2_2/src -s include  "SHELL=CMD" "COMPILER=arm-none-eabi-gcc" "ARCHIVER=arm-none-eabi-ar" "COMPILER_FLAGS=  -O2 -c" "EXTRA_COMPILER_FLAGS=-mcpu=cortex-a9 -mfpu=vfpv3 -mfloat-abi=hard -nostartfiles"
"Running Make include in ps7_cortexa9_0/libsrc/ddrps_v1_0/src"
make -C ps7_cortexa9_0/libsrc/ddrps_v1_0/src -s include  "SHELL=CMD" "COMPILER=arm-none-eabi-gcc" "ARCHIVER=arm-none-eabi-ar" "COMPILER_FLAGS=  -O2 -c" "EXTRA_COMPILER_FLAGS=-mcpu=cortex-a9 -mfpu=vfpv3 -mfloat-abi=hard -nostartfiles"
"Running Make include in ps7_cortexa9_0/libsrc/devcfg_v3_4/src"
make -C ps7_cortexa9_0/libsrc/devcfg_v3_4/src -s include  "SHELL=CMD" "COMPILER=arm-none-eabi-gcc" "ARCHIVER=arm-none-eabi-ar" "COMPILER_FLAGS=  -O2 -c" "EXTRA_COMPILER_FLAGS=-mcpu=cortex-a9 -mfpu=vfpv3 -mfloat-abi=hard -nostartfiles"
"Running Make include in ps7_cortexa9_0/libsrc/dmaps_v2_1/src"
make -C ps7_cortexa9_0/libsrc/dmaps_v2_1/src -s include  "SHELL=CMD" "COMPILER=arm-none-eabi-gcc" "ARCHIVER=arm-none-eabi-ar" "COMPILER_FLAGS=  -O2 -c" "EXTRA_COMPILER_FLAGS=-mcpu=cortex-a9 -mfpu=vfpv3 -mfloat-abi=hard -nostartfiles"
"Running Make include in ps7_cortexa9_0/libsrc/emacps_v3_2/src"
make -C ps7_cortexa9_0/libsrc/emacps_v3_2/src -s include  "SHELL=CMD" "COMPILER=arm-none-eabi-gcc" "ARCHIVER=arm-none-eabi-ar" "COMPILER_FLAGS=  -O2 -c" "EXTRA_COMPILER_FLAGS=-mcpu=cortex-a9 -mfpu=vfpv3 -mfloat-abi=hard -nostartfiles"
"Running Make include in ps7_cortexa9_0/libsrc/gpiops_v3_1/src"
make -C ps7_cortexa9_0/libsrc/gpiops_v3_1/src -s include  "SHELL=CMD" "COMPILER=arm-none-eabi-gcc" "ARCHIVER=arm-none-eabi-ar" "COMPILER_FLAGS=  -O2 -c" "EXTRA_COMPILER_FLAGS=-mcpu=cortex-a9 -mfpu=vfpv3 -mfloat-abi=hard -nostartfiles"
"Running Make include in ps7_cortexa9_0/libsrc/myImode_v1_0/src"
make -C ps7_cortexa9_0/libsrc/myImode_v1_0/src -s include  "SHELL=CMD" "COMPILER=arm-none-eabi-gcc" "ARCHIVER=arm-none-eabi-ar" "COMPILER_FLAGS=  -O2 -c" "EXTRA_COMPILER_FLAGS=-mcpu=cortex-a9 -mfpu=vfpv3 -mfloat-abi=hard -nostartfiles"
"Running Make include in ps7_cortexa9_0/libsrc/newGpsIp_v1_0/src"
make -C ps7_cortexa9_0/libsrc/newGpsIp_v1_0/src -s include  "SHELL=CMD" "COMPILER=arm-none-eabi-gcc" "ARCHIVER=arm-none-eabi-ar" "COMPILER_FLAGS=  -O2 -c" "EXTRA_COMPILER_FLAGS=-mcpu=cortex-a9 -mfpu=vfpv3 -mfloat-abi=hard -nostartfiles"
"Running Make include in ps7_cortexa9_0/libsrc/qspips_v3_3/src"
make -C ps7_cortexa9_0/libsrc/qspips_v3_3/src -s include  "SHELL=CMD" "COMPILER=arm-none-eabi-gcc" "ARCHIVER=arm-none-eabi-ar" "COMPILER_FLAGS=  -O2 -c" "EXTRA_COMPILER_FLAGS=-mcpu=cortex-a9 -mfpu=vfpv3 -mfloat-abi=hard -nostartfiles"
"Running Make include in ps7_cortexa9_0/libsrc/scugic_v3_3/src"
make -C ps7_cortexa9_0/libsrc/scugic_v3_3/src -s include  "SHELL=CMD" "COMPILER=arm-none-eabi-gcc" "ARCHIVER=arm-none-eabi-ar" "COMPILER_FLAGS=  -O2 -c" "EXTRA_COMPILER_FLAGS=-mcpu=cortex-a9 -mfpu=vfpv3 -mfloat-abi=hard -nostartfiles"
"Running Make include in ps7_cortexa9_0/libsrc/scutimer_v2_1/src"
make -C ps7_cortexa9_0/libsrc/scutimer_v2_1/src -s include  "SHELL=CMD" "COMPILER=arm-none-eabi-gcc" "ARCHIVER=arm-none-eabi-ar" "COMPILER_FLAGS=  -O2 -c" "EXTRA_COMPILER_FLAGS=-mcpu=cortex-a9 -mfpu=vfpv3 -mfloat-abi=hard -nostartfiles"
"Running Make include in ps7_cortexa9_0/libsrc/scuwdt_v2_1/src"
make -C ps7_cortexa9_0/libsrc/scuwdt_v2_1/src -s include  "SHELL=CMD" "COMPILER=arm-none-eabi-gcc" "ARCHIVER=arm-none-eabi-ar" "COMPILER_FLAGS=  -O2 -c" "EXTRA_COMPILER_FLAGS=-mcpu=cortex-a9 -mfpu=vfpv3 -mfloat-abi=hard -nostartfiles"
"Running Make include in ps7_cortexa9_0/libsrc/sdps_v2_8/src"
make -C ps7_cortexa9_0/libsrc/sdps_v2_8/src -s include  "SHELL=CMD" "COMPILER=arm-none-eabi-gcc" "ARCHIVER=arm-none-eabi-ar" "COMPILER_FLAGS=  -O2 -c" "EXTRA_COMPILER_FLAGS=-mcpu=cortex-a9 -mfpu=vfpv3 -mfloat-abi=hard -nostartfiles"
"Running Make include in ps7_cortexa9_0/libsrc/standalone_v5_5/src"
make -C ps7_cortexa9_0/libsrc/standalone_v5_5/src -s include  "SHELL=CMD" "COMPILER=arm-none-eabi-gcc" "ARCHIVER=arm-none-eabi-ar" "COMPILER_FLAGS=  -O2 -c" "EXTRA_COMPILER_FLAGS=-mcpu=cortex-a9 -mfpu=vfpv3 -mfloat-abi=hard -nostartfiles"
"Running Make include in ps7_cortexa9_0/libsrc/ttcps_v3_1/src"
make -C ps7_cortexa9_0/libsrc/ttcps_v3_1/src -s include  "SHELL=CMD" "COMPILER=arm-none-eabi-gcc" "ARCHIVER=arm-none-eabi-ar" "COMPILER_FLAGS=  -O2 -c" "EXTRA_COMPILER_FLAGS=-mcpu=cortex-a9 -mfpu=vfpv3 -mfloat-abi=hard -nostartfiles"
"Running Make include in ps7_cortexa9_0/libsrc/uartlite_v3_2/src"
make -C ps7_cortexa9_0/libsrc/uartlite_v3_2/src -s include  "SHELL=CMD" "COMPILER=arm-none-eabi-gcc" "ARCHIVER=arm-none-eabi-ar" "COMPILER_FLAGS=  -O2 -c" "EXTRA_COMPILER_FLAGS=-mcpu=cortex-a9 -mfpu=vfpv3 -mfloat-abi=hard -nostartfiles"
"Running Make include in ps7_cortexa9_0/libsrc/uartps_v3_1/src"
make -C ps7_cortexa9_0/libsrc/uartps_v3_1/src -s include  "SHELL=CMD" "COMPILER=arm-none-eabi-gcc" "ARCHIVER=arm-none-eabi-ar" "COMPILER_FLAGS=  -O2 -c" "EXTRA_COMPILER_FLAGS=-mcpu=cortex-a9 -mfpu=vfpv3 -mfloat-abi=hard -nostartfiles"
"Running Make include in ps7_cortexa9_0/libsrc/usbps_v2_4/src"
make -C ps7_cortexa9_0/libsrc/usbps_v2_4/src -s include  "SHELL=CMD" "COMPILER=arm-none-eabi-gcc" "ARCHIVER=arm-none-eabi-ar" "COMPILER_FLAGS=  -O2 -c" "EXTRA_COMPILER_FLAGS=-mcpu=cortex-a9 -mfpu=vfpv3 -mfloat-abi=hard -nostartfiles"
"Running Make include in ps7_cortexa9_0/libsrc/xadcps_v2_2/src"
make -C ps7_cortexa9_0/libsrc/xadcps_v2_2/src -s include  "SHELL=CMD" "COMPILER=arm-none-eabi-gcc" "ARCHIVER=arm-none-eabi-ar" "COMPILER_FLAGS=  -O2 -c" "EXTRA_COMPILER_FLAGS=-mcpu=cortex-a9 -mfpu=vfpv3 -mfloat-abi=hard -nostartfiles"
"Running Make libs in ps7_cortexa9_0/libsrc/coresightps_dcc_v1_2/src"
make -C ps7_cortexa9_0/libsrc/coresightps_dcc_v1_2/src -s libs  "SHELL=CMD" "COMPILER=arm-none-eabi-gcc" "ARCHIVER=arm-none-eabi-ar" "COMPILER_FLAGS=  -O2 -c" "EXTRA_COMPILER_FLAGS=-mcpu=cortex-a9 -mfpu=vfpv3 -mfloat-abi=hard -nostartfiles"
"Compiling coresightps_dcc"
arm-none-eabi-ar: ÕýÔÚ´´½¨ ../../../lib/libxil.a
"Running Make libs in ps7_cortexa9_0/libsrc/cpu_cortexa9_v2_2/src"
make -C ps7_cortexa9_0/libsrc/cpu_cortexa9_v2_2/src -s libs  "SHELL=CMD" "COMPILER=arm-none-eabi-gcc" "ARCHIVER=arm-none-eabi-ar" "COMPILER_FLAGS=  -O2 -c" "EXTRA_COMPILER_FLAGS=-mcpu=cortex-a9 -mfpu=vfpv3 -mfloat-abi=hard -nostartfiles"
"Compiling cpu_cortexa9"
"Running Make libs in ps7_cortexa9_0/libsrc/ddrps_v1_0/src"
make -C ps7_cortexa9_0/libsrc/ddrps_v1_0/src -s libs  "SHELL=CMD" "COMPILER=arm-none-eabi-gcc" "ARCHIVER=arm-none-eabi-ar" "COMPILER_FLAGS=  -O2 -c" "EXTRA_COMPILER_FLAGS=-mcpu=cortex-a9 -mfpu=vfpv3 -mfloat-abi=hard -nostartfiles"
"Compiling ddrps"
"Running Make libs in ps7_cortexa9_0/libsrc/devcfg_v3_4/src"
make -C ps7_cortexa9_0/libsrc/devcfg_v3_4/src -s libs  "SHELL=CMD" "COMPILER=arm-none-eabi-gcc" "ARCHIVER=arm-none-eabi-ar" "COMPILER_FLAGS=  -O2 -c" "EXTRA_COMPILER_FLAGS=-mcpu=cortex-a9 -mfpu=vfpv3 -mfloat-abi=hard -nostartfiles"
"Compiling devcfg"
"Running Make libs in ps7_cortexa9_0/libsrc/dmaps_v2_1/src"
make -C ps7_cortexa9_0/libsrc/dmaps_v2_1/src -s libs  "SHELL=CMD" "COMPILER=arm-none-eabi-gcc" "ARCHIVER=arm-none-eabi-ar" "COMPILER_FLAGS=  -O2 -c" "EXTRA_COMPILER_FLAGS=-mcpu=cortex-a9 -mfpu=vfpv3 -mfloat-abi=hard -nostartfiles"
"Compiling dmaps"
"Running Make libs in ps7_cortexa9_0/libsrc/emacps_v3_2/src"
make -C ps7_cortexa9_0/libsrc/emacps_v3_2/src -s libs  "SHELL=CMD" "COMPILER=arm-none-eabi-gcc" "ARCHIVER=arm-none-eabi-ar" "COMPILER_FLAGS=  -O2 -c" "EXTRA_COMPILER_FLAGS=-mcpu=cortex-a9 -mfpu=vfpv3 -mfloat-abi=hard -nostartfiles"
"Compiling emacps"
"Running Make libs in ps7_cortexa9_0/libsrc/gpiops_v3_1/src"
make -C ps7_cortexa9_0/libsrc/gpiops_v3_1/src -s libs  "SHELL=CMD" "COMPILER=arm-none-eabi-gcc" "ARCHIVER=arm-none-eabi-ar" "COMPILER_FLAGS=  -O2 -c" "EXTRA_COMPILER_FLAGS=-mcpu=cortex-a9 -mfpu=vfpv3 -mfloat-abi=hard -nostartfiles"
"Compiling gpiops"
"Running Make libs in ps7_cortexa9_0/libsrc/myImode_v1_0/src"
make -C ps7_cortexa9_0/libsrc/myImode_v1_0/src -s libs  "SHELL=CMD" "COMPILER=arm-none-eabi-gcc" "ARCHIVER=arm-none-eabi-ar" "COMPILER_FLAGS=  -O2 -c" "EXTRA_COMPILER_FLAGS=-mcpu=cortex-a9 -mfpu=vfpv3 -mfloat-abi=hard -nostartfiles"
"Compiling myImode..."
"Running Make libs in ps7_cortexa9_0/libsrc/newGpsIp_v1_0/src"
make -C ps7_cortexa9_0/libsrc/newGpsIp_v1_0/src -s libs  "SHELL=CMD" "COMPILER=arm-none-eabi-gcc" "ARCHIVER=arm-none-eabi-ar" "COMPILER_FLAGS=  -O2 -c" "EXTRA_COMPILER_FLAGS=-mcpu=cortex-a9 -mfpu=vfpv3 -mfloat-abi=hard -nostartfiles"
"Compiling newGpsIp..."
"Running Make libs in ps7_cortexa9_0/libsrc/qspips_v3_3/src"
make -C ps7_cortexa9_0/libsrc/qspips_v3_3/src -s libs  "SHELL=CMD" "COMPILER=arm-none-eabi-gcc" "ARCHIVER=arm-none-eabi-ar" "COMPILER_FLAGS=  -O2 -c" "EXTRA_COMPILER_FLAGS=-mcpu=cortex-a9 -mfpu=vfpv3 -mfloat-abi=hard -nostartfiles"
"Compiling qspips"
"Running Make libs in ps7_cortexa9_0/libsrc/scugic_v3_3/src"
make -C ps7_cortexa9_0/libsrc/scugic_v3_3/src -s libs  "SHELL=CMD" "COMPILER=arm-none-eabi-gcc" "ARCHIVER=arm-none-eabi-ar" "COMPILER_FLAGS=  -O2 -c" "EXTRA_COMPILER_FLAGS=-mcpu=cortex-a9 -mfpu=vfpv3 -mfloat-abi=hard -nostartfiles"
"Compiling scugic"
"Running Make libs in ps7_cortexa9_0/libsrc/scutimer_v2_1/src"
make -C ps7_cortexa9_0/libsrc/scutimer_v2_1/src -s libs  "SHELL=CMD" "COMPILER=arm-none-eabi-gcc" "ARCHIVER=arm-none-eabi-ar" "COMPILER_FLAGS=  -O2 -c" "EXTRA_COMPILER_FLAGS=-mcpu=cortex-a9 -mfpu=vfpv3 -mfloat-abi=hard -nostartfiles"
"Compiling scutimer"
"Running Make libs in ps7_cortexa9_0/libsrc/scuwdt_v2_1/src"
make -C ps7_cortexa9_0/libsrc/scuwdt_v2_1/src -s libs  "SHELL=CMD" "COMPILER=arm-none-eabi-gcc" "ARCHIVER=arm-none-eabi-ar" "COMPILER_FLAGS=  -O2 -c" "EXTRA_COMPILER_FLAGS=-mcpu=cortex-a9 -mfpu=vfpv3 -mfloat-abi=hard -nostartfiles"
"Compiling scuwdt"
"Running Make libs in ps7_cortexa9_0/libsrc/sdps_v2_8/src"
make -C ps7_cortexa9_0/libsrc/sdps_v2_8/src -s libs  "SHELL=CMD" "COMPILER=arm-none-eabi-gcc" "ARCHIVER=arm-none-eabi-ar" "COMPILER_FLAGS=  -O2 -c" "EXTRA_COMPILER_FLAGS=-mcpu=cortex-a9 -mfpu=vfpv3 -mfloat-abi=hard -nostartfiles"
"Compiling sdps"
"Running Make libs in ps7_cortexa9_0/libsrc/standalone_v5_5/src"
make -C ps7_cortexa9_0/libsrc/standalone_v5_5/src -s libs  "SHELL=CMD" "COMPILER=arm-none-eabi-gcc" "ARCHIVER=arm-none-eabi-ar" "COMPILER_FLAGS=  -O2 -c" "EXTRA_COMPILER_FLAGS=-mcpu=cortex-a9 -mfpu=vfpv3 -mfloat-abi=hard -nostartfiles"
"Compiling standalone"
"Running Make libs in ps7_cortexa9_0/libsrc/ttcps_v3_1/src"
make -C ps7_cortexa9_0/libsrc/ttcps_v3_1/src -s libs  "SHELL=CMD" "COMPILER=arm-none-eabi-gcc" "ARCHIVER=arm-none-eabi-ar" "COMPILER_FLAGS=  -O2 -c" "EXTRA_COMPILER_FLAGS=-mcpu=cortex-a9 -mfpu=vfpv3 -mfloat-abi=hard -nostartfiles"
"Compiling ttcps"
"Running Make libs in ps7_cortexa9_0/libsrc/uartlite_v3_2/src"
make -C ps7_cortexa9_0/libsrc/uartlite_v3_2/src -s libs  "SHELL=CMD" "COMPILER=arm-none-eabi-gcc" "ARCHIVER=arm-none-eabi-ar" "COMPILER_FLAGS=  -O2 -c" "EXTRA_COMPILER_FLAGS=-mcpu=cortex-a9 -mfpu=vfpv3 -mfloat-abi=hard -nostartfiles"
"Compiling uartlite"
"Running Make libs in ps7_cortexa9_0/libsrc/uartps_v3_1/src"
make -C ps7_cortexa9_0/libsrc/uartps_v3_1/src -s libs  "SHELL=CMD" "COMPILER=arm-none-eabi-gcc" "ARCHIVER=arm-none-eabi-ar" "COMPILER_FLAGS=  -O2 -c" "EXTRA_COMPILER_FLAGS=-mcpu=cortex-a9 -mfpu=vfpv3 -mfloat-abi=hard -nostartfiles"
"Compiling uartps"
"Running Make libs in ps7_cortexa9_0/libsrc/usbps_v2_4/src"
make -C ps7_cortexa9_0/libsrc/usbps_v2_4/src -s libs  "SHELL=CMD" "COMPILER=arm-none-eabi-gcc" "ARCHIVER=arm-none-eabi-ar" "COMPILER_FLAGS=  -O2 -c" "EXTRA_COMPILER_FLAGS=-mcpu=cortex-a9 -mfpu=vfpv3 -mfloat-abi=hard -nostartfiles"
"Compiling usbps"
"Running Make libs in ps7_cortexa9_0/libsrc/xadcps_v2_2/src"
make -C ps7_cortexa9_0/libsrc/xadcps_v2_2/src -s libs  "SHELL=CMD" "COMPILER=arm-none-eabi-gcc" "ARCHIVER=arm-none-eabi-ar" "COMPILER_FLAGS=  -O2 -c" "EXTRA_COMPILER_FLAGS=-mcpu=cortex-a9 -mfpu=vfpv3 -mfloat-abi=hard -nostartfiles"
"Compiling xadcps"
'Finished building libraries'
12:25:21 **** Build of configuration Debug for project gpsImode_proj ****
make pre-build main-build 
a9-linaro-pre-build-step
' '
'Building file: ../src/helloworld.c'
'Invoking: ARM v7 gcc compiler'
arm-none-eabi-gcc -Wall -O0 -g3 -c -fmessage-length=0 -MT"src/helloworld.o" -mcpu=cortex-a9 -mfpu=vfpv3 -mfloat-abi=hard -I../../gpsImode_proj_bsp/ps7_cortexa9_0/include -MMD -MP -MF"src/helloworld.d" -MT"src/helloworld.o" -o "src/helloworld.o" "../src/helloworld.c"
'Finished building: ../src/helloworld.c'
' '
'Building file: ../src/platform.c'
'Invoking: ARM v7 gcc compiler'
arm-none-eabi-gcc -Wall -O0 -g3 -c -fmessage-length=0 -MT"src/platform.o" -mcpu=cortex-a9 -mfpu=vfpv3 -mfloat-abi=hard -I../../gpsImode_proj_bsp/ps7_cortexa9_0/include -MMD -MP -MF"src/platform.d" -MT"src/platform.o" -o "src/platform.o" "../src/platform.c"
'Finished building: ../src/platform.c'
' '
'Building target: gpsImode_proj.elf'
'Invoking: ARM v7 gcc linker'
arm-none-eabi-gcc -mcpu=cortex-a9 -mfpu=vfpv3 -mfloat-abi=hard -Wl,-build-id=none -specs=Xilinx.spec -Wl,-T -Wl,../src/lscript.ld -L../../gpsImode_proj_bsp/ps7_cortexa9_0/lib -o "gpsImode_proj.elf"  ./src/helloworld.o ./src/platform.o   -Wl,--start-group,-lxil,-lgcc,-lc,--end-group
'Finished building target: gpsImode_proj.elf'
' '
'Invoking: ARM v7 Print Size'
arm-none-eabi-size gpsImode_proj.elf  |tee "gpsImode_proj.elf.size"
   text	   data	    bss	    dec	    hex	filename
  22964	   1152	  22580	  46696	   b668	gpsImode_proj.elf
'Finished building: gpsImode_proj.elf.size'
' '
12:25:32 **** Auto Build of configuration Debug for project gpsImode_proj ****
make pre-build main-build 
a9-linaro-pre-build-step
' '
make: Nothing to be done for `main-build'.
12:26:00 **** Auto Build of configuration Debug for project gpsImode_proj ****
make pre-build main-build 
a9-linaro-pre-build-step
' '
'Building file: ../src/GPS.c'
'Invoking: ARM v7 gcc compiler'
arm-none-eabi-gcc -Wall -O0 -g3 -c -fmessage-length=0 -MT"src/GPS.o" -mcpu=cortex-a9 -mfpu=vfpv3 -mfloat-abi=hard -I../../gpsImode_proj_bsp/ps7_cortexa9_0/include -MMD -MP -MF"src/GPS.d" -MT"src/GPS.o" -o "src/GPS.o" "../src/GPS.c"
'Finished building: ../src/GPS.c'
' '
'Building target: gpsImode_proj.elf'
'Invoking: ARM v7 gcc linker'
arm-none-eabi-gcc -mcpu=cortex-a9 -mfpu=vfpv3 -mfloat-abi=hard -Wl,-build-id=none -specs=Xilinx.spec -Wl,-T -Wl,../src/lscript.ld -L../../gpsImode_proj_bsp/ps7_cortexa9_0/lib -o "gpsImode_proj.elf"  ./src/GPS.o ./src/helloworld.o ./src/platform.o   -Wl,--start-group,-lxil,-lgcc,-lc,--end-group
'Finished building target: gpsImode_proj.elf'
' '
'Invoking: ARM v7 Print Size'
arm-none-eabi-size gpsImode_proj.elf  |tee "gpsImode_proj.elf.size"
   text	   data	    bss	    dec	    hex	filename
  22964	   1152	  22580	  46696	   b668	gpsImode_proj.elf
'Finished building: gpsImode_proj.elf.size'
' '
12:26:19 **** Auto Build of configuration Debug for project gpsImode_proj ****
make pre-build main-build 
a9-linaro-pre-build-step
' '
'Building file: ../src/GPS.c'
'Invoking: ARM v7 gcc compiler'
arm-none-eabi-gcc -Wall -O0 -g3 -c -fmessage-length=0 -MT"src/GPS.o" -mcpu=cortex-a9 -mfpu=vfpv3 -mfloat-abi=hard -I../../gpsImode_proj_bsp/ps7_cortexa9_0/include -MMD -MP -MF"src/GPS.d" -MT"src/GPS.o" -o "src/GPS.o" "../src/GPS.c"
../src/GPS.c: In function 'Gps_Init':
../src/GPS.c:26:16: error: 'GPS_BUFFER_SIZE' undeclared (first use in this function)
  u8  GpsBuffer[GPS_BUFFER_SIZE] = {0};
                ^
../src/GPS.c:26:16: note: each undeclared identifier is reported only once for each function it appears in
../src/GPS.c:27:2: error: unknown type name 'GPS_Data'
  GPS_Data gps_data={0};
  ^
../src/GPS.c:29:37: error: 'GPS_UARTLITE_DEVICE_ID' undeclared (first use in this function)
  XUartLite_Initialize(&GpsUartLite, GPS_UARTLITE_DEVICE_ID);
                                     ^
../src/GPS.c:30:2: warning: implicit declaration of function 'WaitUnitlPpsCome' [-Wimplicit-function-declaration]
  WaitUnitlPpsCome();
  ^
../src/GPS.c:31:2: warning: implicit declaration of function 'Gps_GetInfoFromUart' [-Wimplicit-function-declaration]
  RecvCount = Gps_GetInfoFromUart( &GpsUartLite,GpsBuffer);
  ^
../src/GPS.c:32:2: warning: implicit declaration of function 'Gps_GetTimeInfo' [-Wimplicit-function-declaration]
  Gps_GetTimeInfo(GpsBuffer, &gps_data, RecvCount);
  ^
../src/GPS.c:33:2: warning: implicit declaration of function 'Gps_TimeCorrect' [-Wimplicit-function-declaration]
  Gps_TimeCorrect(&gps_data);
  ^
../src/GPS.c:34:2: warning: implicit declaration of function 'GPS_SetTime' [-Wimplicit-function-declaration]
  GPS_SetTime(&gps_data);
  ^
../src/GPS.c:26:6: warning: unused variable 'GpsBuffer' [-Wunused-variable]
  u8  GpsBuffer[GPS_BUFFER_SIZE] = {0};
      ^
../src/GPS.c: At top level:
../src/GPS.c:39:6: warning: conflicting types for 'WaitUnitlPpsCome'
 void WaitUnitlPpsCome(void){
      ^
../src/GPS.c:30:2: note: previous implicit declaration of 'WaitUnitlPpsCome' was here
  WaitUnitlPpsCome();
  ^
../src/GPS.c: In function 'WaitUnitlPpsCome':
../src/GPS.c:40:2: warning: implicit declaration of function 'GPS_mReadReg' [-Wimplicit-function-declaration]
  while(GPS_mReadReg(GPS_BASEADDR, CONTROL_REG_OFFSET)== 0){
  ^
../src/GPS.c:40:21: error: 'GPS_BASEADDR' undeclared (first use in this function)
  while(GPS_mReadReg(GPS_BASEADDR, CONTROL_REG_OFFSET)== 0){
                     ^
../src/GPS.c:40:35: error: 'CONTROL_REG_OFFSET' undeclared (first use in this function)
  while(GPS_mReadReg(GPS_BASEADDR, CONTROL_REG_OFFSET)== 0){
                                   ^
../src/GPS.c: In function 'Gps_GetInfoFromUart':
../src/GPS.c:48:17: error: 'GPS_RECV_BUFFER_SIZE' undeclared (first use in this function)
  u8  RecvBuffer[GPS_RECV_BUFFER_SIZE];/* Buffer for Receiving Data */
                 ^
../src/GPS.c:48:6: warning: unused variable 'RecvBuffer' [-Wunused-variable]
  u8  RecvBuffer[GPS_RECV_BUFFER_SIZE];/* Buffer for Receiving Data */
      ^
../src/GPS.c: At top level:
../src/GPS.c:70:37: error: unknown type name 'GPS_Data'
 void Gps_GetTimeInfo(u8 *GpsBuffer, GPS_Data *gps_data, int Index){
                                     ^
../src/GPS.c:80:22: error: unknown type name 'GPS_Data'
 void Gps_TimeCorrect(GPS_Data *gps_data){
                      ^
../src/GPS.c:110:18: error: unknown type name 'GPS_Data'
 void GPS_SetTime(GPS_Data *gps_data){
                  ^
../src/GPS.c: In function 'Gps_FuncTest':
../src/GPS.c:123:2: error: unknown type name 'GPS_Data'
  GPS_Data GpsDataFromFpga={0};
  ^
../src/GPS.c:127:17: error: request for member 'year' in something not a structure or union
  GpsDataFromFpga.year = GPS_mReadReg(GPS_BASEADDR, YEAR_REG_OFFSET);
                 ^
../src/GPS.c:127:38: error: 'GPS_BASEADDR' undeclared (first use in this function)
  GpsDataFromFpga.year = GPS_mReadReg(GPS_BASEADDR, YEAR_REG_OFFSET);
                                      ^
../src/GPS.c:127:52: error: 'YEAR_REG_OFFSET' undeclared (first use in this function)
  GpsDataFromFpga.year = GPS_mReadReg(GPS_BASEADDR, YEAR_REG_OFFSET);
                                                    ^
../src/GPS.c:128:17: error: request for member 'month' in something not a structure or union
  GpsDataFromFpga.month = GPS_mReadReg(GPS_BASEADDR, MONTH_REG_OFFSET);
                 ^
../src/GPS.c:128:53: error: 'MONTH_REG_OFFSET' undeclared (first use in this function)
  GpsDataFromFpga.month = GPS_mReadReg(GPS_BASEADDR, MONTH_REG_OFFSET);
                                                     ^
../src/GPS.c:129:17: error: request for member 'day' in something not a structure or union
  GpsDataFromFpga.day = GPS_mReadReg(GPS_BASEADDR, DAY_REG_OFFSET);
                 ^
../src/GPS.c:129:51: error: 'DAY_REG_OFFSET' undeclared (first use in this function)
  GpsDataFromFpga.day = GPS_mReadReg(GPS_BASEADDR, DAY_REG_OFFSET);
                                                   ^
../src/GPS.c:130:17: error: request for member 'utc_hour' in something not a structure or union
  GpsDataFromFpga.utc_hour = GPS_mReadReg(GPS_BASEADDR, HOUR_REG_OFFSET);
                 ^
../src/GPS.c:130:56: error: 'HOUR_REG_OFFSET' undeclared (first use in this function)
  GpsDataFromFpga.utc_hour = GPS_mReadReg(GPS_BASEADDR, HOUR_REG_OFFSET);
                                                        ^
../src/GPS.c:131:17: error: request for member 'minute' in something not a structure or union
  GpsDataFromFpga.minute = GPS_mReadReg(GPS_BASEADDR, MINUTE_REG_OFFSET);
                 ^
../src/GPS.c:131:54: error: 'MINUTE_REG_OFFSET' undeclared (first use in this function)
  GpsDataFromFpga.minute = GPS_mReadReg(GPS_BASEADDR, MINUTE_REG_OFFSET);
                                                      ^
../src/GPS.c:132:17: error: request for member 'second' in something not a structure or union
  GpsDataFromFpga.second = GPS_mReadReg(GPS_BASEADDR, SECOND_REG_OFFSET);
                 ^
../src/GPS.c:132:54: error: 'SECOND_REG_OFFSET' undeclared (first use in this function)
  GpsDataFromFpga.second = GPS_mReadReg(GPS_BASEADDR, SECOND_REG_OFFSET);
                                                      ^
../src/GPS.c:133:17: error: request for member 'millisec' in something not a structure or union
  GpsDataFromFpga.millisec = GPS_mReadReg(GPS_BASEADDR, MILLISEC_REG_OFFSET);
                 ^
../src/GPS.c:133:56: error: 'MILLISEC_REG_OFFSET' undeclared (first use in this function)
  GpsDataFromFpga.millisec = GPS_mReadReg(GPS_BASEADDR, MILLISEC_REG_OFFSET);
                                                        ^
../src/GPS.c:134:17: error: request for member 'microsec' in something not a structure or union
  GpsDataFromFpga.microsec = GPS_mReadReg(GPS_BASEADDR, MICROSEC_REG_OFFSET);
                 ^
../src/GPS.c:134:56: error: 'MICROSEC_REG_OFFSET' undeclared (first use in this function)
  GpsDataFromFpga.microsec = GPS_mReadReg(GPS_BASEADDR, MICROSEC_REG_OFFSET);
                                                        ^
../src/GPS.c:137:19: error: request for member 'year' in something not a structure or union
    GpsDataFromFpga.year,GpsDataFromFpga.month,GpsDataFromFpga.day,
                   ^
../src/GPS.c:137:40: error: request for member 'month' in something not a structure or union
    GpsDataFromFpga.year,GpsDataFromFpga.month,GpsDataFromFpga.day,
                                        ^
../src/GPS.c:137:62: error: request for member 'day' in something not a structure or union
    GpsDataFromFpga.year,GpsDataFromFpga.month,GpsDataFromFpga.day,
                                                              ^
../src/GPS.c:138:19: error: request for member 'utc_hour' in something not a structure or union
    GpsDataFromFpga.utc_hour,GpsDataFromFpga.minute,GpsDataFromFpga.second,
                   ^
../src/GPS.c:138:44: error: request for member 'minute' in something not a structure or union
    GpsDataFromFpga.utc_hour,GpsDataFromFpga.minute,GpsDataFromFpga.second,
                                            ^
../src/GPS.c:138:67: error: request for member 'second' in something not a structure or union
    GpsDataFromFpga.utc_hour,GpsDataFromFpga.minute,GpsDataFromFpga.second,
                                                                   ^
../src/GPS.c:139:19: error: request for member 'millisec' in something not a structure or union
    GpsDataFromFpga.millisec,GpsDataFromFpga.microsec);
                   ^
../src/GPS.c:139:44: error: request for member 'microsec' in something not a structure or union
    GpsDataFromFpga.millisec,GpsDataFromFpga.microsec);
                                            ^
../src/GPS.c:123:11: warning: variable 'GpsDataFromFpga' set but not used [-Wunused-but-set-variable]
  GPS_Data GpsDataFromFpga={0};
           ^
../src/GPS.c: At top level:
../src/GPS.c:19:12: warning: 'monthOverLeapYear' defined but not used [-Wunused-variable]
 static int monthOverLeapYear[12]={31,29,31,30,31,30,31,31,30,31,30,31};
            ^
../src/GPS.c:20:12: warning: 'monthOverUsualYear' defined but not used [-Wunused-variable]
 static int monthOverUsualYear[12]={31,28,31,30,31,30,31,31,30,31,30,31};
            ^
make: *** [src/GPS.o] ´íÎó 1
12:26:20 **** Auto Build of configuration Debug for project gpsImode_proj ****
make pre-build main-build 
a9-linaro-pre-build-step
' '
'Building file: ../src/GPS.c'
'Invoking: ARM v7 gcc compiler'
arm-none-eabi-gcc -Wall -O0 -g3 -c -fmessage-length=0 -MT"src/GPS.o" -mcpu=cortex-a9 -mfpu=vfpv3 -mfloat-abi=hard -I../../gpsImode_proj_bsp/ps7_cortexa9_0/include -MMD -MP -MF"src/GPS.d" -MT"src/GPS.o" -o "src/GPS.o" "../src/GPS.c"
In file included from ../src/GPS.c:7:0:
../src/GPS.c: In function 'WaitUnitlPpsCome':
../src/GPS.h:50:22: error: 'XPAR_GPSIPSIMULATEDLYNN_0_GPS_AXI_BASEADDR' undeclared (first use in this function)
 #define GPS_BASEADDR XPAR_GPSIPSIMULATEDLYNN_0_GPS_AXI_BASEADDR
                      ^
../src/GPS.h:102:15: note: in definition of macro 'GPS_mReadReg'
     Xil_In32((BaseAddress) + (RegOffset))
               ^
../src/GPS.c:40:21: note: in expansion of macro 'GPS_BASEADDR'
  while(GPS_mReadReg(GPS_BASEADDR, CONTROL_REG_OFFSET)== 0){
                     ^
../src/GPS.h:50:22: note: each undeclared identifier is reported only once for each function it appears in
 #define GPS_BASEADDR XPAR_GPSIPSIMULATEDLYNN_0_GPS_AXI_BASEADDR
                      ^
../src/GPS.h:102:15: note: in definition of macro 'GPS_mReadReg'
     Xil_In32((BaseAddress) + (RegOffset))
               ^
../src/GPS.c:40:21: note: in expansion of macro 'GPS_BASEADDR'
  while(GPS_mReadReg(GPS_BASEADDR, CONTROL_REG_OFFSET)== 0){
                     ^
../src/GPS.c: In function 'Gps_GetTimeInfo':
../src/GPS.c:71:2: warning: implicit declaration of function 'sscanf' [-Wimplicit-function-declaration]
  sscanf(GpsBuffer,"$GNRMC,%2d%2d%2d",
  ^
../src/GPS.c:71:2: warning: incompatible implicit declaration of built-in function 'sscanf'
../src/GPS.c:71:9: warning: pointer targets in passing argument 1 of 'sscanf' differ in signedness [-Wpointer-sign]
  sscanf(GpsBuffer,"$GNRMC,%2d%2d%2d",
         ^
../src/GPS.c:71:9: note: expected 'const char *' but argument is of type 'u8 *'
../src/GPS.c:74:9: warning: pointer targets in passing argument 1 of 'sscanf' differ in signedness [-Wpointer-sign]
  sscanf(GpsBuffer+Index-15,"%2d%2d%2d",
         ^
../src/GPS.c:74:9: note: expected 'const char *' but argument is of type 'u8 *'
In file included from ../src/GPS.c:7:0:
../src/GPS.c: In function 'GPS_SetTime':
../src/GPS.h:50:22: error: 'XPAR_GPSIPSIMULATEDLYNN_0_GPS_AXI_BASEADDR' undeclared (first use in this function)
 #define GPS_BASEADDR XPAR_GPSIPSIMULATEDLYNN_0_GPS_AXI_BASEADDR
                      ^
../src/GPS.h:82:16: note: in definition of macro 'GPS_mWriteReg'
     Xil_Out32((BaseAddress) + (RegOffset), (u32)(Data))
                ^
../src/GPS.c:111:16: note: in expansion of macro 'GPS_BASEADDR'
  GPS_mWriteReg(GPS_BASEADDR, CONTROL_REG_OFFSET, 0x1);
                ^
../src/GPS.c: In function 'Gps_FuncTest':
../src/GPS.h:50:22: error: 'XPAR_GPSIPSIMULATEDLYNN_0_GPS_AXI_BASEADDR' undeclared (first use in this function)
 #define GPS_BASEADDR XPAR_GPSIPSIMULATEDLYNN_0_GPS_AXI_BASEADDR
                      ^
../src/GPS.h:102:15: note: in definition of macro 'GPS_mReadReg'
     Xil_In32((BaseAddress) + (RegOffset))
               ^
../src/GPS.c:127:38: note: in expansion of macro 'GPS_BASEADDR'
  GpsDataFromFpga.year = GPS_mReadReg(GPS_BASEADDR, YEAR_REG_OFFSET);
                                      ^
make: *** [src/GPS.o] ´íÎó 1
12:26:22 **** Auto Build of configuration Debug for project gpsImode_proj ****
make pre-build main-build 
a9-linaro-pre-build-step
' '
'Building file: ../src/GPS.c'
'Invoking: ARM v7 gcc compiler'
arm-none-eabi-gcc -Wall -O0 -g3 -c -fmessage-length=0 -MT"src/GPS.o" -mcpu=cortex-a9 -mfpu=vfpv3 -mfloat-abi=hard -I../../gpsImode_proj_bsp/ps7_cortexa9_0/include -MMD -MP -MF"src/GPS.d" -MT"src/GPS.o" -o "src/GPS.o" "../src/GPS.c"
In file included from ../src/GPS.c:7:0:
../src/GPS.c: In function 'WaitUnitlPpsCome':
../src/GPS.h:50:22: error: 'XPAR_GPSIPSIMULATEDLYNN_0_GPS_AXI_BASEADDR' undeclared (first use in this function)
 #define GPS_BASEADDR XPAR_GPSIPSIMULATEDLYNN_0_GPS_AXI_BASEADDR
                      ^
../src/GPS.h:102:15: note: in definition of macro 'GPS_mReadReg'
     Xil_In32((BaseAddress) + (RegOffset))
               ^
../src/GPS.c:40:21: note: in expansion of macro 'GPS_BASEADDR'
  while(GPS_mReadReg(GPS_BASEADDR, CONTROL_REG_OFFSET)== 0){
                     ^
../src/GPS.h:50:22: note: each undeclared identifier is reported only once for each function it appears in
 #define GPS_BASEADDR XPAR_GPSIPSIMULATEDLYNN_0_GPS_AXI_BASEADDR
                      ^
../src/GPS.h:102:15: note: in definition of macro 'GPS_mReadReg'
     Xil_In32((BaseAddress) + (RegOffset))
               ^
../src/GPS.c:40:21: note: in expansion of macro 'GPS_BASEADDR'
  while(GPS_mReadReg(GPS_BASEADDR, CONTROL_REG_OFFSET)== 0){
                     ^
../src/GPS.c: In function 'Gps_GetTimeInfo':
../src/GPS.c:71:2: warning: implicit declaration of function 'sscanf' [-Wimplicit-function-declaration]
  sscanf(GpsBuffer,"$GNRMC,%2d%2d%2d",
  ^
../src/GPS.c:71:2: warning: incompatible implicit declaration of built-in function 'sscanf'
../src/GPS.c:71:9: warning: pointer targets in passing argument 1 of 'sscanf' differ in signedness [-Wpointer-sign]
  sscanf(GpsBuffer,"$GNRMC,%2d%2d%2d",
         ^
../src/GPS.c:71:9: note: expected 'const char *' but argument is of type 'u8 *'
../src/GPS.c:74:9: warning: pointer targets in passing argument 1 of 'sscanf' differ in signedness [-Wpointer-sign]
  sscanf(GpsBuffer+Index-15,"%2d%2d%2d",
         ^
../src/GPS.c:74:9: note: expected 'const char *' but argument is of type 'u8 *'
In file included from ../src/GPS.c:7:0:
../src/GPS.c: In function 'GPS_SetTime':
../src/GPS.h:50:22: error: 'XPAR_GPSIPSIMULATEDLYNN_0_GPS_AXI_BASEADDR' undeclared (first use in this function)
 #define GPS_BASEADDR XPAR_GPSIPSIMULATEDLYNN_0_GPS_AXI_BASEADDR
                      ^
../src/GPS.h:82:16: note: in definition of macro 'GPS_mWriteReg'
     Xil_Out32((BaseAddress) + (RegOffset), (u32)(Data))
                ^
../src/GPS.c:111:16: note: in expansion of macro 'GPS_BASEADDR'
  GPS_mWriteReg(GPS_BASEADDR, CONTROL_REG_OFFSET, 0x1);
                ^
../src/GPS.c: In function 'Gps_FuncTest':
../src/GPS.h:50:22: error: 'XPAR_GPSIPSIMULATEDLYNN_0_GPS_AXI_BASEADDR' undeclared (first use in this function)
 #define GPS_BASEADDR XPAR_GPSIPSIMULATEDLYNN_0_GPS_AXI_BASEADDR
                      ^
../src/GPS.h:102:15: note: in definition of macro 'GPS_mReadReg'
     Xil_In32((BaseAddress) + (RegOffset))
               ^
../src/GPS.c:127:38: note: in expansion of macro 'GPS_BASEADDR'
  GpsDataFromFpga.year = GPS_mReadReg(GPS_BASEADDR, YEAR_REG_OFFSET);
                                      ^
make: *** [src/GPS.o] ´íÎó 1
12:28:35 **** Auto Build of configuration Debug for project gpsImode_proj ****
make pre-build main-build 
a9-linaro-pre-build-step
' '
'Building file: ../src/GPS.c'
'Invoking: ARM v7 gcc compiler'
arm-none-eabi-gcc -Wall -O0 -g3 -c -fmessage-length=0 -MT"src/GPS.o" -mcpu=cortex-a9 -mfpu=vfpv3 -mfloat-abi=hard -I../../gpsImode_proj_bsp/ps7_cortexa9_0/include -MMD -MP -MF"src/GPS.d" -MT"src/GPS.o" -o "src/GPS.o" "../src/GPS.c"
../src/GPS.c: In function 'Gps_GetTimeInfo':
../src/GPS.c:71:2: warning: implicit declaration of function 'sscanf' [-Wimplicit-function-declaration]
  sscanf(GpsBuffer,"$GNRMC,%2d%2d%2d",
  ^
../src/GPS.c:71:2: warning: incompatible implicit declaration of built-in function 'sscanf'
../src/GPS.c:71:9: warning: pointer targets in passing argument 1 of 'sscanf' differ in signedness [-Wpointer-sign]
  sscanf(GpsBuffer,"$GNRMC,%2d%2d%2d",
         ^
../src/GPS.c:71:9: note: expected 'const char *' but argument is of type 'u8 *'
../src/GPS.c:74:9: warning: pointer targets in passing argument 1 of 'sscanf' differ in signedness [-Wpointer-sign]
  sscanf(GpsBuffer+Index-15,"%2d%2d%2d",
         ^
../src/GPS.c:74:9: note: expected 'const char *' but argument is of type 'u8 *'
'Finished building: ../src/GPS.c'
' '
'Building file: ../src/helloworld.c'
'Invoking: ARM v7 gcc compiler'
arm-none-eabi-gcc -Wall -O0 -g3 -c -fmessage-length=0 -MT"src/helloworld.o" -mcpu=cortex-a9 -mfpu=vfpv3 -mfloat-abi=hard -I../../gpsImode_proj_bsp/ps7_cortexa9_0/include -MMD -MP -MF"src/helloworld.d" -MT"src/helloworld.o" -o "src/helloworld.o" "../src/helloworld.c"
'Finished building: ../src/helloworld.c'
' '
'Building target: gpsImode_proj.elf'
'Invoking: ARM v7 gcc linker'
arm-none-eabi-gcc -mcpu=cortex-a9 -mfpu=vfpv3 -mfloat-abi=hard -Wl,-build-id=none -specs=Xilinx.spec -Wl,-T -Wl,../src/lscript.ld -L../../gpsImode_proj_bsp/ps7_cortexa9_0/lib -o "gpsImode_proj.elf"  ./src/GPS.o ./src/helloworld.o ./src/platform.o   -Wl,--start-group,-lxil,-lgcc,-lc,--end-group
'Finished building target: gpsImode_proj.elf'
' '
'Invoking: ARM v7 Print Size'
arm-none-eabi-size gpsImode_proj.elf  |tee "gpsImode_proj.elf.size"
   text	   data	    bss	    dec	    hex	filename
 113736	   2696	  23340	 139772	  221fc	gpsImode_proj.elf
'Finished building: gpsImode_proj.elf.size'
' '
12:29:19 **** Auto Build of configuration Debug for project gpsImode_proj ****
make pre-build main-build 
a9-linaro-pre-build-step
' '
'Building file: ../src/GPS.c'
'Invoking: ARM v7 gcc compiler'
arm-none-eabi-gcc -Wall -O0 -g3 -c -fmessage-length=0 -MT"src/GPS.o" -mcpu=cortex-a9 -mfpu=vfpv3 -mfloat-abi=hard -I../../gpsImode_proj_bsp/ps7_cortexa9_0/include -MMD -MP -MF"src/GPS.d" -MT"src/GPS.o" -o "src/GPS.o" "../src/GPS.c"
../src/GPS.c: In function 'Gps_GetTimeInfo':
../src/GPS.c:71:2: warning: implicit declaration of function 'sscanf' [-Wimplicit-function-declaration]
  sscanf(GpsBuffer,"$GNRMC,%2d%2d%2d",
  ^
../src/GPS.c:71:2: warning: incompatible implicit declaration of built-in function 'sscanf'
../src/GPS.c:71:9: warning: pointer targets in passing argument 1 of 'sscanf' differ in signedness [-Wpointer-sign]
  sscanf(GpsBuffer,"$GNRMC,%2d%2d%2d",
         ^
../src/GPS.c:71:9: note: expected 'const char *' but argument is of type 'u8 *'
../src/GPS.c:74:9: warning: pointer targets in passing argument 1 of 'sscanf' differ in signedness [-Wpointer-sign]
  sscanf(GpsBuffer+Index-15,"%2d%2d%2d",
         ^
../src/GPS.c:74:9: note: expected 'const char *' but argument is of type 'u8 *'
'Finished building: ../src/GPS.c'
' '
'Building file: ../src/helloworld.c'
'Invoking: ARM v7 gcc compiler'
arm-none-eabi-gcc -Wall -O0 -g3 -c -fmessage-length=0 -MT"src/helloworld.o" -mcpu=cortex-a9 -mfpu=vfpv3 -mfloat-abi=hard -I../../gpsImode_proj_bsp/ps7_cortexa9_0/include -MMD -MP -MF"src/helloworld.d" -MT"src/helloworld.o" -o "src/helloworld.o" "../src/helloworld.c"
'Finished building: ../src/helloworld.c'
' '
'Building target: gpsImode_proj.elf'
'Invoking: ARM v7 gcc linker'
arm-none-eabi-gcc -mcpu=cortex-a9 -mfpu=vfpv3 -mfloat-abi=hard -Wl,-build-id=none -specs=Xilinx.spec -Wl,-T -Wl,../src/lscript.ld -L../../gpsImode_proj_bsp/ps7_cortexa9_0/lib -o "gpsImode_proj.elf"  ./src/GPS.o ./src/helloworld.o ./src/platform.o   -Wl,--start-group,-lxil,-lgcc,-lc,--end-group
'Finished building target: gpsImode_proj.elf'
' '
'Invoking: ARM v7 Print Size'
arm-none-eabi-size gpsImode_proj.elf  |tee "gpsImode_proj.elf.size"
   text	   data	    bss	    dec	    hex	filename
 113736	   2696	  23340	 139772	  221fc	gpsImode_proj.elf
'Finished building: gpsImode_proj.elf.size'
' '
12:29:23 **** Auto Build of configuration Debug for project gpsImode_proj ****
make pre-build main-build 
a9-linaro-pre-build-step
' '
'Building file: ../src/GPS.c'
'Invoking: ARM v7 gcc compiler'
arm-none-eabi-gcc -Wall -O0 -g3 -c -fmessage-length=0 -MT"src/GPS.o" -mcpu=cortex-a9 -mfpu=vfpv3 -mfloat-abi=hard -I../../gpsImode_proj_bsp/ps7_cortexa9_0/include -MMD -MP -MF"src/GPS.d" -MT"src/GPS.o" -o "src/GPS.o" "../src/GPS.c"
../src/GPS.c: In function 'Gps_GetTimeInfo':
../src/GPS.c:71:2: warning: implicit declaration of function 'sscanf' [-Wimplicit-function-declaration]
  sscanf(GpsBuffer,"$GNRMC,%2d%2d%2d",
  ^
../src/GPS.c:71:2: warning: incompatible implicit declaration of built-in function 'sscanf'
../src/GPS.c:71:9: warning: pointer targets in passing argument 1 of 'sscanf' differ in signedness [-Wpointer-sign]
  sscanf(GpsBuffer,"$GNRMC,%2d%2d%2d",
         ^
../src/GPS.c:71:9: note: expected 'const char *' but argument is of type 'u8 *'
../src/GPS.c:74:9: warning: pointer targets in passing argument 1 of 'sscanf' differ in signedness [-Wpointer-sign]
  sscanf(GpsBuffer+Index-15,"%2d%2d%2d",
         ^
../src/GPS.c:74:9: note: expected 'const char *' but argument is of type 'u8 *'
'Finished building: ../src/GPS.c'
' '
'Building target: gpsImode_proj.elf'
'Invoking: ARM v7 gcc linker'
arm-none-eabi-gcc -mcpu=cortex-a9 -mfpu=vfpv3 -mfloat-abi=hard -Wl,-build-id=none -specs=Xilinx.spec -Wl,-T -Wl,../src/lscript.ld -L../../gpsImode_proj_bsp/ps7_cortexa9_0/lib -o "gpsImode_proj.elf"  ./src/GPS.o ./src/helloworld.o ./src/platform.o   -Wl,--start-group,-lxil,-lgcc,-lc,--end-group
'Finished building target: gpsImode_proj.elf'
' '
'Invoking: ARM v7 Print Size'
arm-none-eabi-size gpsImode_proj.elf  |tee "gpsImode_proj.elf.size"
   text	   data	    bss	    dec	    hex	filename
 113736	   2696	  23340	 139772	  221fc	gpsImode_proj.elf
'Finished building: gpsImode_proj.elf.size'
' '
12:29:48 **** Incremental Build of configuration Debug for project gpsImode_proj ****
make pre-build main-build 
a9-linaro-pre-build-step
' '
make: Nothing to be done for `main-build'.
12:30:50 **** Incremental Build of configuration Debug for project gpsImode_proj ****
make pre-build main-build 
a9-linaro-pre-build-step
' '
make: Nothing to be done for `main-build'.
12:31:04 **** Incremental Build of configuration Debug for project gpsImode_proj ****
make pre-build main-build 
a9-linaro-pre-build-step
' '
make: Nothing to be done for `main-build'.
12:32:29 **** Incremental Build of configuration Debug for project gpsImode_proj ****
make pre-build main-build 
a9-linaro-pre-build-step
' '
make: Nothing to be done for `main-build'.
12:34:23 **** Auto Build of configuration Debug for project gpsImode_proj ****
make pre-build main-build 
a9-linaro-pre-build-step
' '
'Building file: ../src/GPS.c'
'Invoking: ARM v7 gcc compiler'
arm-none-eabi-gcc -Wall -O0 -g3 -c -fmessage-length=0 -MT"src/GPS.o" -mcpu=cortex-a9 -mfpu=vfpv3 -mfloat-abi=hard -I../../gpsImode_proj_bsp/ps7_cortexa9_0/include -MMD -MP -MF"src/GPS.d" -MT"src/GPS.o" -o "src/GPS.o" "../src/GPS.c"
../src/GPS.c: In function 'Gps_GetTimeInfo':
../src/GPS.c:71:2: warning: implicit declaration of function 'sscanf' [-Wimplicit-function-declaration]
  sscanf(GpsBuffer,"$GNRMC,%2d%2d%2d",
  ^
../src/GPS.c:71:2: warning: incompatible implicit declaration of built-in function 'sscanf'
../src/GPS.c:71:9: warning: pointer targets in passing argument 1 of 'sscanf' differ in signedness [-Wpointer-sign]
  sscanf(GpsBuffer,"$GNRMC,%2d%2d%2d",
         ^
../src/GPS.c:71:9: note: expected 'const char *' but argument is of type 'u8 *'
../src/GPS.c:74:9: warning: pointer targets in passing argument 1 of 'sscanf' differ in signedness [-Wpointer-sign]
  sscanf(GpsBuffer+Index-15,"%2d%2d%2d",
         ^
../src/GPS.c:74:9: note: expected 'const char *' but argument is of type 'u8 *'
'Finished building: ../src/GPS.c'
' '
'Building file: ../src/helloworld.c'
'Invoking: ARM v7 gcc compiler'
arm-none-eabi-gcc -Wall -O0 -g3 -c -fmessage-length=0 -MT"src/helloworld.o" -mcpu=cortex-a9 -mfpu=vfpv3 -mfloat-abi=hard -I../../gpsImode_proj_bsp/ps7_cortexa9_0/include -MMD -MP -MF"src/helloworld.d" -MT"src/helloworld.o" -o "src/helloworld.o" "../src/helloworld.c"
'Finished building: ../src/helloworld.c'
' '
'Building target: gpsImode_proj.elf'
'Invoking: ARM v7 gcc linker'
arm-none-eabi-gcc -mcpu=cortex-a9 -mfpu=vfpv3 -mfloat-abi=hard -Wl,-build-id=none -specs=Xilinx.spec -Wl,-T -Wl,../src/lscript.ld -L../../gpsImode_proj_bsp/ps7_cortexa9_0/lib -o "gpsImode_proj.elf"  ./src/GPS.o ./src/helloworld.o ./src/platform.o   -Wl,--start-group,-lxil,-lgcc,-lc,--end-group
'Finished building target: gpsImode_proj.elf'
' '
'Invoking: ARM v7 Print Size'
arm-none-eabi-size gpsImode_proj.elf  |tee "gpsImode_proj.elf.size"
   text	   data	    bss	    dec	    hex	filename
 113736	   2696	  23340	 139772	  221fc	gpsImode_proj.elf
'Finished building: gpsImode_proj.elf.size'
' '
12:34:40 **** Auto Build of configuration Debug for project gpsImode_proj ****
make pre-build main-build 
a9-linaro-pre-build-step
' '
'Building file: ../src/GPS.c'
'Invoking: ARM v7 gcc compiler'
arm-none-eabi-gcc -Wall -O0 -g3 -c -fmessage-length=0 -MT"src/GPS.o" -mcpu=cortex-a9 -mfpu=vfpv3 -mfloat-abi=hard -I../../gpsImode_proj_bsp/ps7_cortexa9_0/include -MMD -MP -MF"src/GPS.d" -MT"src/GPS.o" -o "src/GPS.o" "../src/GPS.c"
../src/GPS.c: In function 'Gps_GetTimeInfo':
../src/GPS.c:71:2: warning: implicit declaration of function 'sscanf' [-Wimplicit-function-declaration]
  sscanf(GpsBuffer,"$GNRMC,%2d%2d%2d",
  ^
../src/GPS.c:71:2: warning: incompatible implicit declaration of built-in function 'sscanf'
../src/GPS.c:71:9: warning: pointer targets in passing argument 1 of 'sscanf' differ in signedness [-Wpointer-sign]
  sscanf(GpsBuffer,"$GNRMC,%2d%2d%2d",
         ^
../src/GPS.c:71:9: note: expected 'const char *' but argument is of type 'u8 *'
../src/GPS.c:74:9: warning: pointer targets in passing argument 1 of 'sscanf' differ in signedness [-Wpointer-sign]
  sscanf(GpsBuffer+Index-15,"%2d%2d%2d",
         ^
../src/GPS.c:74:9: note: expected 'const char *' but argument is of type 'u8 *'
'Finished building: ../src/GPS.c'
' '
'Building file: ../src/helloworld.c'
'Invoking: ARM v7 gcc compiler'
arm-none-eabi-gcc -Wall -O0 -g3 -c -fmessage-length=0 -MT"src/helloworld.o" -mcpu=cortex-a9 -mfpu=vfpv3 -mfloat-abi=hard -I../../gpsImode_proj_bsp/ps7_cortexa9_0/include -MMD -MP -MF"src/helloworld.d" -MT"src/helloworld.o" -o "src/helloworld.o" "../src/helloworld.c"
'Finished building: ../src/helloworld.c'
' '
'Building target: gpsImode_proj.elf'
'Invoking: ARM v7 gcc linker'
arm-none-eabi-gcc -mcpu=cortex-a9 -mfpu=vfpv3 -mfloat-abi=hard -Wl,-build-id=none -specs=Xilinx.spec -Wl,-T -Wl,../src/lscript.ld -L../../gpsImode_proj_bsp/ps7_cortexa9_0/lib -o "gpsImode_proj.elf"  ./src/GPS.o ./src/helloworld.o ./src/platform.o   -Wl,--start-group,-lxil,-lgcc,-lc,--end-group
'Finished building target: gpsImode_proj.elf'
' '
'Invoking: ARM v7 Print Size'
arm-none-eabi-size gpsImode_proj.elf  |tee "gpsImode_proj.elf.size"
   text	   data	    bss	    dec	    hex	filename
 113736	   2696	  23340	 139772	  221fc	gpsImode_proj.elf
'Finished building: gpsImode_proj.elf.size'
' '
12:38:41 **** Auto Build of configuration Debug for project gpsImode_proj ****
make pre-build main-build 
a9-linaro-pre-build-step
' '
'Building file: ../src/GPS.c'
'Invoking: ARM v7 gcc compiler'
arm-none-eabi-gcc -Wall -O0 -g3 -c -fmessage-length=0 -MT"src/GPS.o" -mcpu=cortex-a9 -mfpu=vfpv3 -mfloat-abi=hard -I../../gpsImode_proj_bsp/ps7_cortexa9_0/include -MMD -MP -MF"src/GPS.d" -MT"src/GPS.o" -o "src/GPS.o" "../src/GPS.c"
../src/GPS.c: In function 'Gps_GetTimeInfo':
../src/GPS.c:71:2: warning: implicit declaration of function 'sscanf' [-Wimplicit-function-declaration]
  sscanf(GpsBuffer,"$GNRMC,%2d%2d%2d",
  ^
../src/GPS.c:71:2: warning: incompatible implicit declaration of built-in function 'sscanf'
../src/GPS.c:71:9: warning: pointer targets in passing argument 1 of 'sscanf' differ in signedness [-Wpointer-sign]
  sscanf(GpsBuffer,"$GNRMC,%2d%2d%2d",
         ^
../src/GPS.c:71:9: note: expected 'const char *' but argument is of type 'u8 *'
../src/GPS.c:74:9: warning: pointer targets in passing argument 1 of 'sscanf' differ in signedness [-Wpointer-sign]
  sscanf(GpsBuffer+Index-15,"%2d%2d%2d",
         ^
../src/GPS.c:74:9: note: expected 'const char *' but argument is of type 'u8 *'
In file included from ../src/GPS.c:7:0:
../src/GPS.c: In function 'GPS_TriggerTimeTest':
../src/GPS.c:150:52: error: 'TIME_REG_1' undeclared (first use in this function)
  yearMonthDayMillisec = GPS_mReadReg(GPS_BASEADDR, TIME_REG_1);
                                                    ^
../src/GPS.h:103:31: note: in definition of macro 'GPS_mReadReg'
     Xil_In32((BaseAddress) + (RegOffset))
                               ^
../src/GPS.c:150:52: note: each undeclared identifier is reported only once for each function it appears in
  yearMonthDayMillisec = GPS_mReadReg(GPS_BASEADDR, TIME_REG_1);
                                                    ^
../src/GPS.h:103:31: note: in definition of macro 'GPS_mReadReg'
     Xil_In32((BaseAddress) + (RegOffset))
                               ^
../src/GPS.c:151:56: error: 'TIME_REG_2' undeclared (first use in this function)
  hourMinuteSecondMicrosec = GPS_mReadReg(GPS_BASEADDR, TIME_REG_2);
                                                        ^
../src/GPS.h:103:31: note: in definition of macro 'GPS_mReadReg'
     Xil_In32((BaseAddress) + (RegOffset))
                               ^
make: *** [src/GPS.o] ´íÎó 1
12:39:00 **** Auto Build of configuration Debug for project gpsImode_proj ****
make pre-build main-build 
a9-linaro-pre-build-step
' '
'Building file: ../src/GPS.c'
'Invoking: ARM v7 gcc compiler'
arm-none-eabi-gcc -Wall -O0 -g3 -c -fmessage-length=0 -MT"src/GPS.o" -mcpu=cortex-a9 -mfpu=vfpv3 -mfloat-abi=hard -I../../gpsImode_proj_bsp/ps7_cortexa9_0/include -MMD -MP -MF"src/GPS.d" -MT"src/GPS.o" -o "src/GPS.o" "../src/GPS.c"
../src/GPS.c: In function 'Gps_GetTimeInfo':
../src/GPS.c:71:2: warning: implicit declaration of function 'sscanf' [-Wimplicit-function-declaration]
  sscanf(GpsBuffer,"$GNRMC,%2d%2d%2d",
  ^
../src/GPS.c:71:2: warning: incompatible implicit declaration of built-in function 'sscanf'
../src/GPS.c:71:9: warning: pointer targets in passing argument 1 of 'sscanf' differ in signedness [-Wpointer-sign]
  sscanf(GpsBuffer,"$GNRMC,%2d%2d%2d",
         ^
../src/GPS.c:71:9: note: expected 'const char *' but argument is of type 'u8 *'
../src/GPS.c:74:9: warning: pointer targets in passing argument 1 of 'sscanf' differ in signedness [-Wpointer-sign]
  sscanf(GpsBuffer+Index-15,"%2d%2d%2d",
         ^
../src/GPS.c:74:9: note: expected 'const char *' but argument is of type 'u8 *'
'Finished building: ../src/GPS.c'
' '
'Building target: gpsImode_proj.elf'
'Invoking: ARM v7 gcc linker'
arm-none-eabi-gcc -mcpu=cortex-a9 -mfpu=vfpv3 -mfloat-abi=hard -Wl,-build-id=none -specs=Xilinx.spec -Wl,-T -Wl,../src/lscript.ld -L../../gpsImode_proj_bsp/ps7_cortexa9_0/lib -o "gpsImode_proj.elf"  ./src/GPS.o ./src/helloworld.o ./src/platform.o   -Wl,--start-group,-lxil,-lgcc,-lc,--end-group
'Finished building target: gpsImode_proj.elf'
' '
'Invoking: ARM v7 Print Size'
arm-none-eabi-size gpsImode_proj.elf  |tee "gpsImode_proj.elf.size"
   text	   data	    bss	    dec	    hex	filename
 114120	   2696	  23340	 140156	  2237c	gpsImode_proj.elf
'Finished building: gpsImode_proj.elf.size'
' '
12:39:15 **** Auto Build of configuration Debug for project gpsImode_proj ****
make pre-build main-build 
a9-linaro-pre-build-step
' '
'Building file: ../src/GPS.c'
'Invoking: ARM v7 gcc compiler'
arm-none-eabi-gcc -Wall -O0 -g3 -c -fmessage-length=0 -MT"src/GPS.o" -mcpu=cortex-a9 -mfpu=vfpv3 -mfloat-abi=hard -I../../gpsImode_proj_bsp/ps7_cortexa9_0/include -MMD -MP -MF"src/GPS.d" -MT"src/GPS.o" -o "src/GPS.o" "../src/GPS.c"
../src/GPS.c: In function 'Gps_GetTimeInfo':
../src/GPS.c:71:2: warning: implicit declaration of function 'sscanf' [-Wimplicit-function-declaration]
  sscanf(GpsBuffer,"$GNRMC,%2d%2d%2d",
  ^
../src/GPS.c:71:2: warning: incompatible implicit declaration of built-in function 'sscanf'
../src/GPS.c:71:9: warning: pointer targets in passing argument 1 of 'sscanf' differ in signedness [-Wpointer-sign]
  sscanf(GpsBuffer,"$GNRMC,%2d%2d%2d",
         ^
../src/GPS.c:71:9: note: expected 'const char *' but argument is of type 'u8 *'
../src/GPS.c:74:9: warning: pointer targets in passing argument 1 of 'sscanf' differ in signedness [-Wpointer-sign]
  sscanf(GpsBuffer+Index-15,"%2d%2d%2d",
         ^
../src/GPS.c:74:9: note: expected 'const char *' but argument is of type 'u8 *'
'Finished building: ../src/GPS.c'
' '
'Building target: gpsImode_proj.elf'
'Invoking: ARM v7 gcc linker'
arm-none-eabi-gcc -mcpu=cortex-a9 -mfpu=vfpv3 -mfloat-abi=hard -Wl,-build-id=none -specs=Xilinx.spec -Wl,-T -Wl,../src/lscript.ld -L../../gpsImode_proj_bsp/ps7_cortexa9_0/lib -o "gpsImode_proj.elf"  ./src/GPS.o ./src/helloworld.o ./src/platform.o   -Wl,--start-group,-lxil,-lgcc,-lc,--end-group
'Finished building target: gpsImode_proj.elf'
' '
'Invoking: ARM v7 Print Size'
arm-none-eabi-size gpsImode_proj.elf  |tee "gpsImode_proj.elf.size"
   text	   data	    bss	    dec	    hex	filename
 114120	   2696	  23340	 140156	  2237c	gpsImode_proj.elf
'Finished building: gpsImode_proj.elf.size'
' '
12:39:18 **** Auto Build of configuration Debug for project gpsImode_proj ****
make pre-build main-build 
a9-linaro-pre-build-step
' '
'Building file: ../src/helloworld.c'
'Invoking: ARM v7 gcc compiler'
arm-none-eabi-gcc -Wall -O0 -g3 -c -fmessage-length=0 -MT"src/helloworld.o" -mcpu=cortex-a9 -mfpu=vfpv3 -mfloat-abi=hard -I../../gpsImode_proj_bsp/ps7_cortexa9_0/include -MMD -MP -MF"src/helloworld.d" -MT"src/helloworld.o" -o "src/helloworld.o" "../src/helloworld.c"
'Finished building: ../src/helloworld.c'
' '
'Building target: gpsImode_proj.elf'
'Invoking: ARM v7 gcc linker'
arm-none-eabi-gcc -mcpu=cortex-a9 -mfpu=vfpv3 -mfloat-abi=hard -Wl,-build-id=none -specs=Xilinx.spec -Wl,-T -Wl,../src/lscript.ld -L../../gpsImode_proj_bsp/ps7_cortexa9_0/lib -o "gpsImode_proj.elf"  ./src/GPS.o ./src/helloworld.o ./src/platform.o   -Wl,--start-group,-lxil,-lgcc,-lc,--end-group
'Finished building target: gpsImode_proj.elf'
' '
'Invoking: ARM v7 Print Size'
arm-none-eabi-size gpsImode_proj.elf  |tee "gpsImode_proj.elf.size"
   text	   data	    bss	    dec	    hex	filename
 114120	   2696	  23340	 140156	  2237c	gpsImode_proj.elf
'Finished building: gpsImode_proj.elf.size'
' '
12:39:24 **** Incremental Build of configuration Debug for project gpsImode_proj ****
make pre-build main-build 
a9-linaro-pre-build-step
' '
make: Nothing to be done for `main-build'.
12:40:05 **** Auto Build of configuration Debug for project gpsImode_proj ****
make pre-build main-build 
a9-linaro-pre-build-step
' '
'Building file: ../src/helloworld.c'
'Invoking: ARM v7 gcc compiler'
arm-none-eabi-gcc -Wall -O0 -g3 -c -fmessage-length=0 -MT"src/helloworld.o" -mcpu=cortex-a9 -mfpu=vfpv3 -mfloat-abi=hard -I../../gpsImode_proj_bsp/ps7_cortexa9_0/include -MMD -MP -MF"src/helloworld.d" -MT"src/helloworld.o" -o "src/helloworld.o" "../src/helloworld.c"
'Finished building: ../src/helloworld.c'
' '
'Building target: gpsImode_proj.elf'
'Invoking: ARM v7 gcc linker'
arm-none-eabi-gcc -mcpu=cortex-a9 -mfpu=vfpv3 -mfloat-abi=hard -Wl,-build-id=none -specs=Xilinx.spec -Wl,-T -Wl,../src/lscript.ld -L../../gpsImode_proj_bsp/ps7_cortexa9_0/lib -o "gpsImode_proj.elf"  ./src/GPS.o ./src/helloworld.o ./src/platform.o   -Wl,--start-group,-lxil,-lgcc,-lc,--end-group
'Finished building target: gpsImode_proj.elf'
' '
'Invoking: ARM v7 Print Size'
arm-none-eabi-size gpsImode_proj.elf  |tee "gpsImode_proj.elf.size"
   text	   data	    bss	    dec	    hex	filename
 114120	   2696	  23340	 140156	  2237c	gpsImode_proj.elf
'Finished building: gpsImode_proj.elf.size'
' '
12:40:08 **** Incremental Build of configuration Debug for project gpsImode_proj ****
make pre-build main-build 
a9-linaro-pre-build-step
' '
make: Nothing to be done for `main-build'.
12:40:27 **** Incremental Build of configuration Debug for project gpsImode_proj ****
make pre-build main-build 
a9-linaro-pre-build-step
' '
make: Nothing to be done for `main-build'.
12:40:31 **** Incremental Build of configuration Debug for project gpsImode_proj ****
make pre-build main-build 
a9-linaro-pre-build-step
' '
make: Nothing to be done for `main-build'.
12:44:36 **** Incremental Build of configuration Debug for project gpsImode_proj ****
make pre-build main-build 
a9-linaro-pre-build-step
' '
make: Nothing to be done for `main-build'.
12:45:34 **** Auto Build of configuration Debug for project gpsImode_proj ****
make pre-build main-build 
a9-linaro-pre-build-step
' '
'Building file: ../src/helloworld.c'
'Invoking: ARM v7 gcc compiler'
arm-none-eabi-gcc -Wall -O0 -g3 -c -fmessage-length=0 -MT"src/helloworld.o" -mcpu=cortex-a9 -mfpu=vfpv3 -mfloat-abi=hard -I../../gpsImode_proj_bsp/ps7_cortexa9_0/include -MMD -MP -MF"src/helloworld.d" -MT"src/helloworld.o" -o "src/helloworld.o" "../src/helloworld.c"
'Finished building: ../src/helloworld.c'
' '
'Building target: gpsImode_proj.elf'
'Invoking: ARM v7 gcc linker'
arm-none-eabi-gcc -mcpu=cortex-a9 -mfpu=vfpv3 -mfloat-abi=hard -Wl,-build-id=none -specs=Xilinx.spec -Wl,-T -Wl,../src/lscript.ld -L../../gpsImode_proj_bsp/ps7_cortexa9_0/lib -o "gpsImode_proj.elf"  ./src/GPS.o ./src/helloworld.o ./src/platform.o   -Wl,--start-group,-lxil,-lgcc,-lc,--end-group
'Finished building target: gpsImode_proj.elf'
' '
'Invoking: ARM v7 Print Size'
arm-none-eabi-size gpsImode_proj.elf  |tee "gpsImode_proj.elf.size"
   text	   data	    bss	    dec	    hex	filename
 114120	   2696	  23340	 140156	  2237c	gpsImode_proj.elf
'Finished building: gpsImode_proj.elf.size'
' '
12:45:50 **** Incremental Build of configuration Debug for project gpsImode_proj ****
make pre-build main-build 
a9-linaro-pre-build-step
' '
make: Nothing to be done for `main-build'.
12:46:21 **** Incremental Build of configuration Debug for project gpsImode_proj ****
make pre-build main-build 
a9-linaro-pre-build-step
' '
make: Nothing to be done for `main-build'.
12:47:23 **** Auto Build of configuration Debug for project gpsImode_proj ****
make pre-build main-build 
a9-linaro-pre-build-step
' '
'Building file: ../src/GPS.c'
'Invoking: ARM v7 gcc compiler'
arm-none-eabi-gcc -Wall -O0 -g3 -c -fmessage-length=0 -MT"src/GPS.o" -mcpu=cortex-a9 -mfpu=vfpv3 -mfloat-abi=hard -I../../gpsImode_proj_bsp/ps7_cortexa9_0/include -MMD -MP -MF"src/GPS.d" -MT"src/GPS.o" -o "src/GPS.o" "../src/GPS.c"
../src/GPS.c: In function 'Gps_GetTimeInfo':
../src/GPS.c:71:2: warning: implicit declaration of function 'sscanf' [-Wimplicit-function-declaration]
  sscanf(GpsBuffer,"$GNRMC,%2d%2d%2d",
  ^
../src/GPS.c:71:2: warning: incompatible implicit declaration of built-in function 'sscanf'
../src/GPS.c:71:9: warning: pointer targets in passing argument 1 of 'sscanf' differ in signedness [-Wpointer-sign]
  sscanf(GpsBuffer,"$GNRMC,%2d%2d%2d",
         ^
../src/GPS.c:71:9: note: expected 'const char *' but argument is of type 'u8 *'
../src/GPS.c:74:9: warning: pointer targets in passing argument 1 of 'sscanf' differ in signedness [-Wpointer-sign]
  sscanf(GpsBuffer+Index-15,"%2d%2d%2d",
         ^
../src/GPS.c:74:9: note: expected 'const char *' but argument is of type 'u8 *'
'Finished building: ../src/GPS.c'
' '
'Building target: gpsImode_proj.elf'
'Invoking: ARM v7 gcc linker'
arm-none-eabi-gcc -mcpu=cortex-a9 -mfpu=vfpv3 -mfloat-abi=hard -Wl,-build-id=none -specs=Xilinx.spec -Wl,-T -Wl,../src/lscript.ld -L../../gpsImode_proj_bsp/ps7_cortexa9_0/lib -o "gpsImode_proj.elf"  ./src/GPS.o ./src/helloworld.o ./src/platform.o   -Wl,--start-group,-lxil,-lgcc,-lc,--end-group
'Finished building target: gpsImode_proj.elf'
' '
'Invoking: ARM v7 Print Size'
arm-none-eabi-size gpsImode_proj.elf  |tee "gpsImode_proj.elf.size"
   text	   data	    bss	    dec	    hex	filename
 114168	   2696	  23340	 140204	  223ac	gpsImode_proj.elf
'Finished building: gpsImode_proj.elf.size'
' '
12:47:29 **** Auto Build of configuration Debug for project gpsImode_proj ****
make pre-build main-build 
a9-linaro-pre-build-step
' '
'Building file: ../src/GPS.c'
'Invoking: ARM v7 gcc compiler'
arm-none-eabi-gcc -Wall -O0 -g3 -c -fmessage-length=0 -MT"src/GPS.o" -mcpu=cortex-a9 -mfpu=vfpv3 -mfloat-abi=hard -I../../gpsImode_proj_bsp/ps7_cortexa9_0/include -MMD -MP -MF"src/GPS.d" -MT"src/GPS.o" -o "src/GPS.o" "../src/GPS.c"
../src/GPS.c: In function 'Gps_GetTimeInfo':
../src/GPS.c:71:2: warning: implicit declaration of function 'sscanf' [-Wimplicit-function-declaration]
  sscanf(GpsBuffer,"$GNRMC,%2d%2d%2d",
  ^
../src/GPS.c:71:2: warning: incompatible implicit declaration of built-in function 'sscanf'
../src/GPS.c:71:9: warning: pointer targets in passing argument 1 of 'sscanf' differ in signedness [-Wpointer-sign]
  sscanf(GpsBuffer,"$GNRMC,%2d%2d%2d",
         ^
../src/GPS.c:71:9: note: expected 'const char *' but argument is of type 'u8 *'
../src/GPS.c:74:9: warning: pointer targets in passing argument 1 of 'sscanf' differ in signedness [-Wpointer-sign]
  sscanf(GpsBuffer+Index-15,"%2d%2d%2d",
         ^
../src/GPS.c:74:9: note: expected 'const char *' but argument is of type 'u8 *'
'Finished building: ../src/GPS.c'
' '
'Building target: gpsImode_proj.elf'
'Invoking: ARM v7 gcc linker'
arm-none-eabi-gcc -mcpu=cortex-a9 -mfpu=vfpv3 -mfloat-abi=hard -Wl,-build-id=none -specs=Xilinx.spec -Wl,-T -Wl,../src/lscript.ld -L../../gpsImode_proj_bsp/ps7_cortexa9_0/lib -o "gpsImode_proj.elf"  ./src/GPS.o ./src/helloworld.o ./src/platform.o   -Wl,--start-group,-lxil,-lgcc,-lc,--end-group
'Finished building target: gpsImode_proj.elf'
' '
'Invoking: ARM v7 Print Size'
arm-none-eabi-size gpsImode_proj.elf  |tee "gpsImode_proj.elf.size"
   text	   data	    bss	    dec	    hex	filename
 114168	   2696	  23340	 140204	  223ac	gpsImode_proj.elf
'Finished building: gpsImode_proj.elf.size'
' '
12:47:32 **** Incremental Build of configuration Debug for project gpsImode_proj ****
make pre-build main-build 
a9-linaro-pre-build-step
' '
make: Nothing to be done for `main-build'.
12:57:40 **** Incremental Build of configuration Debug for project gpsImode_proj ****
make pre-build main-build 
a9-linaro-pre-build-step
' '
make: Nothing to be done for `main-build'.
12:58:23 **** Incremental Build of configuration Debug for project gpsImode_proj ****
make pre-build main-build 
a9-linaro-pre-build-step
' '
make: Nothing to be done for `main-build'.
12:59:52 **** Clean-only build of project gpsImode_proj_bsp ****
make -k clean 
rm -f ps7_cortexa9_0/lib/libxil.a
12:59:53 **** Clean-only build of configuration Debug for project gpsImode_proj ****
make clean 
rm -rf  ./src/GPS.o ./src/helloworld.o ./src/platform.o  ./src/GPS.d ./src/helloworld.d ./src/platform.d  gpsImode_proj.elf.size  gpsImode_proj.elf
' '
12:59:53 **** Build of project gpsImode_proj_bsp ****
make -k all 
"Running Make include in ps7_cortexa9_0/libsrc/coresightps_dcc_v1_2/src"
make -C ps7_cortexa9_0/libsrc/coresightps_dcc_v1_2/src -s include  "SHELL=CMD" "COMPILER=arm-none-eabi-gcc" "ARCHIVER=arm-none-eabi-ar" "COMPILER_FLAGS=  -O2 -c" "EXTRA_COMPILER_FLAGS=-mcpu=cortex-a9 -mfpu=vfpv3 -mfloat-abi=hard -nostartfiles"
"Running Make include in ps7_cortexa9_0/libsrc/cpu_cortexa9_v2_2/src"
make -C ps7_cortexa9_0/libsrc/cpu_cortexa9_v2_2/src -s include  "SHELL=CMD" "COMPILER=arm-none-eabi-gcc" "ARCHIVER=arm-none-eabi-ar" "COMPILER_FLAGS=  -O2 -c" "EXTRA_COMPILER_FLAGS=-mcpu=cortex-a9 -mfpu=vfpv3 -mfloat-abi=hard -nostartfiles"
"Running Make include in ps7_cortexa9_0/libsrc/ddrps_v1_0/src"
make -C ps7_cortexa9_0/libsrc/ddrps_v1_0/src -s include  "SHELL=CMD" "COMPILER=arm-none-eabi-gcc" "ARCHIVER=arm-none-eabi-ar" "COMPILER_FLAGS=  -O2 -c" "EXTRA_COMPILER_FLAGS=-mcpu=cortex-a9 -mfpu=vfpv3 -mfloat-abi=hard -nostartfiles"
"Running Make include in ps7_cortexa9_0/libsrc/devcfg_v3_4/src"
make -C ps7_cortexa9_0/libsrc/devcfg_v3_4/src -s include  "SHELL=CMD" "COMPILER=arm-none-eabi-gcc" "ARCHIVER=arm-none-eabi-ar" "COMPILER_FLAGS=  -O2 -c" "EXTRA_COMPILER_FLAGS=-mcpu=cortex-a9 -mfpu=vfpv3 -mfloat-abi=hard -nostartfiles"
"Running Make include in ps7_cortexa9_0/libsrc/dmaps_v2_1/src"
make -C ps7_cortexa9_0/libsrc/dmaps_v2_1/src -s include  "SHELL=CMD" "COMPILER=arm-none-eabi-gcc" "ARCHIVER=arm-none-eabi-ar" "COMPILER_FLAGS=  -O2 -c" "EXTRA_COMPILER_FLAGS=-mcpu=cortex-a9 -mfpu=vfpv3 -mfloat-abi=hard -nostartfiles"
"Running Make include in ps7_cortexa9_0/libsrc/emacps_v3_2/src"
make -C ps7_cortexa9_0/libsrc/emacps_v3_2/src -s include  "SHELL=CMD" "COMPILER=arm-none-eabi-gcc" "ARCHIVER=arm-none-eabi-ar" "COMPILER_FLAGS=  -O2 -c" "EXTRA_COMPILER_FLAGS=-mcpu=cortex-a9 -mfpu=vfpv3 -mfloat-abi=hard -nostartfiles"
"Running Make include in ps7_cortexa9_0/libsrc/gpiops_v3_1/src"
make -C ps7_cortexa9_0/libsrc/gpiops_v3_1/src -s include  "SHELL=CMD" "COMPILER=arm-none-eabi-gcc" "ARCHIVER=arm-none-eabi-ar" "COMPILER_FLAGS=  -O2 -c" "EXTRA_COMPILER_FLAGS=-mcpu=cortex-a9 -mfpu=vfpv3 -mfloat-abi=hard -nostartfiles"
"Running Make include in ps7_cortexa9_0/libsrc/myImode_v1_0/src"
make -C ps7_cortexa9_0/libsrc/myImode_v1_0/src -s include  "SHELL=CMD" "COMPILER=arm-none-eabi-gcc" "ARCHIVER=arm-none-eabi-ar" "COMPILER_FLAGS=  -O2 -c" "EXTRA_COMPILER_FLAGS=-mcpu=cortex-a9 -mfpu=vfpv3 -mfloat-abi=hard -nostartfiles"
"Running Make include in ps7_cortexa9_0/libsrc/newGpsIp_v1_0/src"
make -C ps7_cortexa9_0/libsrc/newGpsIp_v1_0/src -s include  "SHELL=CMD" "COMPILER=arm-none-eabi-gcc" "ARCHIVER=arm-none-eabi-ar" "COMPILER_FLAGS=  -O2 -c" "EXTRA_COMPILER_FLAGS=-mcpu=cortex-a9 -mfpu=vfpv3 -mfloat-abi=hard -nostartfiles"
"Running Make include in ps7_cortexa9_0/libsrc/qspips_v3_3/src"
make -C ps7_cortexa9_0/libsrc/qspips_v3_3/src -s include  "SHELL=CMD" "COMPILER=arm-none-eabi-gcc" "ARCHIVER=arm-none-eabi-ar" "COMPILER_FLAGS=  -O2 -c" "EXTRA_COMPILER_FLAGS=-mcpu=cortex-a9 -mfpu=vfpv3 -mfloat-abi=hard -nostartfiles"
"Running Make include in ps7_cortexa9_0/libsrc/scugic_v3_3/src"
make -C ps7_cortexa9_0/libsrc/scugic_v3_3/src -s include  "SHELL=CMD" "COMPILER=arm-none-eabi-gcc" "ARCHIVER=arm-none-eabi-ar" "COMPILER_FLAGS=  -O2 -c" "EXTRA_COMPILER_FLAGS=-mcpu=cortex-a9 -mfpu=vfpv3 -mfloat-abi=hard -nostartfiles"
"Running Make include in ps7_cortexa9_0/libsrc/scutimer_v2_1/src"
make -C ps7_cortexa9_0/libsrc/scutimer_v2_1/src -s include  "SHELL=CMD" "COMPILER=arm-none-eabi-gcc" "ARCHIVER=arm-none-eabi-ar" "COMPILER_FLAGS=  -O2 -c" "EXTRA_COMPILER_FLAGS=-mcpu=cortex-a9 -mfpu=vfpv3 -mfloat-abi=hard -nostartfiles"
"Running Make include in ps7_cortexa9_0/libsrc/scuwdt_v2_1/src"
make -C ps7_cortexa9_0/libsrc/scuwdt_v2_1/src -s include  "SHELL=CMD" "COMPILER=arm-none-eabi-gcc" "ARCHIVER=arm-none-eabi-ar" "COMPILER_FLAGS=  -O2 -c" "EXTRA_COMPILER_FLAGS=-mcpu=cortex-a9 -mfpu=vfpv3 -mfloat-abi=hard -nostartfiles"
"Running Make include in ps7_cortexa9_0/libsrc/sdps_v2_8/src"
make -C ps7_cortexa9_0/libsrc/sdps_v2_8/src -s include  "SHELL=CMD" "COMPILER=arm-none-eabi-gcc" "ARCHIVER=arm-none-eabi-ar" "COMPILER_FLAGS=  -O2 -c" "EXTRA_COMPILER_FLAGS=-mcpu=cortex-a9 -mfpu=vfpv3 -mfloat-abi=hard -nostartfiles"
"Running Make include in ps7_cortexa9_0/libsrc/standalone_v5_5/src"
make -C ps7_cortexa9_0/libsrc/standalone_v5_5/src -s include  "SHELL=CMD" "COMPILER=arm-none-eabi-gcc" "ARCHIVER=arm-none-eabi-ar" "COMPILER_FLAGS=  -O2 -c" "EXTRA_COMPILER_FLAGS=-mcpu=cortex-a9 -mfpu=vfpv3 -mfloat-abi=hard -nostartfiles"
"Running Make include in ps7_cortexa9_0/libsrc/ttcps_v3_1/src"
make -C ps7_cortexa9_0/libsrc/ttcps_v3_1/src -s include  "SHELL=CMD" "COMPILER=arm-none-eabi-gcc" "ARCHIVER=arm-none-eabi-ar" "COMPILER_FLAGS=  -O2 -c" "EXTRA_COMPILER_FLAGS=-mcpu=cortex-a9 -mfpu=vfpv3 -mfloat-abi=hard -nostartfiles"
"Running Make include in ps7_cortexa9_0/libsrc/uartlite_v3_2/src"
make -C ps7_cortexa9_0/libsrc/uartlite_v3_2/src -s include  "SHELL=CMD" "COMPILER=arm-none-eabi-gcc" "ARCHIVER=arm-none-eabi-ar" "COMPILER_FLAGS=  -O2 -c" "EXTRA_COMPILER_FLAGS=-mcpu=cortex-a9 -mfpu=vfpv3 -mfloat-abi=hard -nostartfiles"
"Running Make include in ps7_cortexa9_0/libsrc/uartps_v3_1/src"
make -C ps7_cortexa9_0/libsrc/uartps_v3_1/src -s include  "SHELL=CMD" "COMPILER=arm-none-eabi-gcc" "ARCHIVER=arm-none-eabi-ar" "COMPILER_FLAGS=  -O2 -c" "EXTRA_COMPILER_FLAGS=-mcpu=cortex-a9 -mfpu=vfpv3 -mfloat-abi=hard -nostartfiles"
"Running Make include in ps7_cortexa9_0/libsrc/usbps_v2_4/src"
make -C ps7_cortexa9_0/libsrc/usbps_v2_4/src -s include  "SHELL=CMD" "COMPILER=arm-none-eabi-gcc" "ARCHIVER=arm-none-eabi-ar" "COMPILER_FLAGS=  -O2 -c" "EXTRA_COMPILER_FLAGS=-mcpu=cortex-a9 -mfpu=vfpv3 -mfloat-abi=hard -nostartfiles"
"Running Make include in ps7_cortexa9_0/libsrc/xadcps_v2_2/src"
make -C ps7_cortexa9_0/libsrc/xadcps_v2_2/src -s include  "SHELL=CMD" "COMPILER=arm-none-eabi-gcc" "ARCHIVER=arm-none-eabi-ar" "COMPILER_FLAGS=  -O2 -c" "EXTRA_COMPILER_FLAGS=-mcpu=cortex-a9 -mfpu=vfpv3 -mfloat-abi=hard -nostartfiles"
"Running Make libs in ps7_cortexa9_0/libsrc/coresightps_dcc_v1_2/src"
make -C ps7_cortexa9_0/libsrc/coresightps_dcc_v1_2/src -s libs  "SHELL=CMD" "COMPILER=arm-none-eabi-gcc" "ARCHIVER=arm-none-eabi-ar" "COMPILER_FLAGS=  -O2 -c" "EXTRA_COMPILER_FLAGS=-mcpu=cortex-a9 -mfpu=vfpv3 -mfloat-abi=hard -nostartfiles"
"Compiling coresightps_dcc"
arm-none-eabi-ar: ÕýÔÚ´´½¨ ../../../lib/libxil.a
"Running Make libs in ps7_cortexa9_0/libsrc/cpu_cortexa9_v2_2/src"
make -C ps7_cortexa9_0/libsrc/cpu_cortexa9_v2_2/src -s libs  "SHELL=CMD" "COMPILER=arm-none-eabi-gcc" "ARCHIVER=arm-none-eabi-ar" "COMPILER_FLAGS=  -O2 -c" "EXTRA_COMPILER_FLAGS=-mcpu=cortex-a9 -mfpu=vfpv3 -mfloat-abi=hard -nostartfiles"
"Compiling cpu_cortexa9"
"Running Make libs in ps7_cortexa9_0/libsrc/ddrps_v1_0/src"
make -C ps7_cortexa9_0/libsrc/ddrps_v1_0/src -s libs  "SHELL=CMD" "COMPILER=arm-none-eabi-gcc" "ARCHIVER=arm-none-eabi-ar" "COMPILER_FLAGS=  -O2 -c" "EXTRA_COMPILER_FLAGS=-mcpu=cortex-a9 -mfpu=vfpv3 -mfloat-abi=hard -nostartfiles"
"Compiling ddrps"
"Running Make libs in ps7_cortexa9_0/libsrc/devcfg_v3_4/src"
make -C ps7_cortexa9_0/libsrc/devcfg_v3_4/src -s libs  "SHELL=CMD" "COMPILER=arm-none-eabi-gcc" "ARCHIVER=arm-none-eabi-ar" "COMPILER_FLAGS=  -O2 -c" "EXTRA_COMPILER_FLAGS=-mcpu=cortex-a9 -mfpu=vfpv3 -mfloat-abi=hard -nostartfiles"
"Compiling devcfg"
"Running Make libs in ps7_cortexa9_0/libsrc/dmaps_v2_1/src"
make -C ps7_cortexa9_0/libsrc/dmaps_v2_1/src -s libs  "SHELL=CMD" "COMPILER=arm-none-eabi-gcc" "ARCHIVER=arm-none-eabi-ar" "COMPILER_FLAGS=  -O2 -c" "EXTRA_COMPILER_FLAGS=-mcpu=cortex-a9 -mfpu=vfpv3 -mfloat-abi=hard -nostartfiles"
"Compiling dmaps"
"Running Make libs in ps7_cortexa9_0/libsrc/emacps_v3_2/src"
make -C ps7_cortexa9_0/libsrc/emacps_v3_2/src -s libs  "SHELL=CMD" "COMPILER=arm-none-eabi-gcc" "ARCHIVER=arm-none-eabi-ar" "COMPILER_FLAGS=  -O2 -c" "EXTRA_COMPILER_FLAGS=-mcpu=cortex-a9 -mfpu=vfpv3 -mfloat-abi=hard -nostartfiles"
"Compiling emacps"
"Running Make libs in ps7_cortexa9_0/libsrc/gpiops_v3_1/src"
make -C ps7_cortexa9_0/libsrc/gpiops_v3_1/src -s libs  "SHELL=CMD" "COMPILER=arm-none-eabi-gcc" "ARCHIVER=arm-none-eabi-ar" "COMPILER_FLAGS=  -O2 -c" "EXTRA_COMPILER_FLAGS=-mcpu=cortex-a9 -mfpu=vfpv3 -mfloat-abi=hard -nostartfiles"
"Compiling gpiops"
"Running Make libs in ps7_cortexa9_0/libsrc/myImode_v1_0/src"
make -C ps7_cortexa9_0/libsrc/myImode_v1_0/src -s libs  "SHELL=CMD" "COMPILER=arm-none-eabi-gcc" "ARCHIVER=arm-none-eabi-ar" "COMPILER_FLAGS=  -O2 -c" "EXTRA_COMPILER_FLAGS=-mcpu=cortex-a9 -mfpu=vfpv3 -mfloat-abi=hard -nostartfiles"
"Compiling myImode..."
"Running Make libs in ps7_cortexa9_0/libsrc/newGpsIp_v1_0/src"
make -C ps7_cortexa9_0/libsrc/newGpsIp_v1_0/src -s libs  "SHELL=CMD" "COMPILER=arm-none-eabi-gcc" "ARCHIVER=arm-none-eabi-ar" "COMPILER_FLAGS=  -O2 -c" "EXTRA_COMPILER_FLAGS=-mcpu=cortex-a9 -mfpu=vfpv3 -mfloat-abi=hard -nostartfiles"
"Compiling newGpsIp..."
"Running Make libs in ps7_cortexa9_0/libsrc/qspips_v3_3/src"
make -C ps7_cortexa9_0/libsrc/qspips_v3_3/src -s libs  "SHELL=CMD" "COMPILER=arm-none-eabi-gcc" "ARCHIVER=arm-none-eabi-ar" "COMPILER_FLAGS=  -O2 -c" "EXTRA_COMPILER_FLAGS=-mcpu=cortex-a9 -mfpu=vfpv3 -mfloat-abi=hard -nostartfiles"
"Compiling qspips"
"Running Make libs in ps7_cortexa9_0/libsrc/scugic_v3_3/src"
make -C ps7_cortexa9_0/libsrc/scugic_v3_3/src -s libs  "SHELL=CMD" "COMPILER=arm-none-eabi-gcc" "ARCHIVER=arm-none-eabi-ar" "COMPILER_FLAGS=  -O2 -c" "EXTRA_COMPILER_FLAGS=-mcpu=cortex-a9 -mfpu=vfpv3 -mfloat-abi=hard -nostartfiles"
"Compiling scugic"
"Running Make libs in ps7_cortexa9_0/libsrc/scutimer_v2_1/src"
make -C ps7_cortexa9_0/libsrc/scutimer_v2_1/src -s libs  "SHELL=CMD" "COMPILER=arm-none-eabi-gcc" "ARCHIVER=arm-none-eabi-ar" "COMPILER_FLAGS=  -O2 -c" "EXTRA_COMPILER_FLAGS=-mcpu=cortex-a9 -mfpu=vfpv3 -mfloat-abi=hard -nostartfiles"
"Compiling scutimer"
"Running Make libs in ps7_cortexa9_0/libsrc/scuwdt_v2_1/src"
make -C ps7_cortexa9_0/libsrc/scuwdt_v2_1/src -s libs  "SHELL=CMD" "COMPILER=arm-none-eabi-gcc" "ARCHIVER=arm-none-eabi-ar" "COMPILER_FLAGS=  -O2 -c" "EXTRA_COMPILER_FLAGS=-mcpu=cortex-a9 -mfpu=vfpv3 -mfloat-abi=hard -nostartfiles"
"Compiling scuwdt"
"Running Make libs in ps7_cortexa9_0/libsrc/sdps_v2_8/src"
make -C ps7_cortexa9_0/libsrc/sdps_v2_8/src -s libs  "SHELL=CMD" "COMPILER=arm-none-eabi-gcc" "ARCHIVER=arm-none-eabi-ar" "COMPILER_FLAGS=  -O2 -c" "EXTRA_COMPILER_FLAGS=-mcpu=cortex-a9 -mfpu=vfpv3 -mfloat-abi=hard -nostartfiles"
"Compiling sdps"
"Running Make libs in ps7_cortexa9_0/libsrc/standalone_v5_5/src"
make -C ps7_cortexa9_0/libsrc/standalone_v5_5/src -s libs  "SHELL=CMD" "COMPILER=arm-none-eabi-gcc" "ARCHIVER=arm-none-eabi-ar" "COMPILER_FLAGS=  -O2 -c" "EXTRA_COMPILER_FLAGS=-mcpu=cortex-a9 -mfpu=vfpv3 -mfloat-abi=hard -nostartfiles"
"Compiling standalone"
"Running Make libs in ps7_cortexa9_0/libsrc/ttcps_v3_1/src"
make -C ps7_cortexa9_0/libsrc/ttcps_v3_1/src -s libs  "SHELL=CMD" "COMPILER=arm-none-eabi-gcc" "ARCHIVER=arm-none-eabi-ar" "COMPILER_FLAGS=  -O2 -c" "EXTRA_COMPILER_FLAGS=-mcpu=cortex-a9 -mfpu=vfpv3 -mfloat-abi=hard -nostartfiles"
"Compiling ttcps"
"Running Make libs in ps7_cortexa9_0/libsrc/uartlite_v3_2/src"
make -C ps7_cortexa9_0/libsrc/uartlite_v3_2/src -s libs  "SHELL=CMD" "COMPILER=arm-none-eabi-gcc" "ARCHIVER=arm-none-eabi-ar" "COMPILER_FLAGS=  -O2 -c" "EXTRA_COMPILER_FLAGS=-mcpu=cortex-a9 -mfpu=vfpv3 -mfloat-abi=hard -nostartfiles"
"Compiling uartlite"
"Running Make libs in ps7_cortexa9_0/libsrc/uartps_v3_1/src"
make -C ps7_cortexa9_0/libsrc/uartps_v3_1/src -s libs  "SHELL=CMD" "COMPILER=arm-none-eabi-gcc" "ARCHIVER=arm-none-eabi-ar" "COMPILER_FLAGS=  -O2 -c" "EXTRA_COMPILER_FLAGS=-mcpu=cortex-a9 -mfpu=vfpv3 -mfloat-abi=hard -nostartfiles"
"Compiling uartps"
"Running Make libs in ps7_cortexa9_0/libsrc/usbps_v2_4/src"
make -C ps7_cortexa9_0/libsrc/usbps_v2_4/src -s libs  "SHELL=CMD" "COMPILER=arm-none-eabi-gcc" "ARCHIVER=arm-none-eabi-ar" "COMPILER_FLAGS=  -O2 -c" "EXTRA_COMPILER_FLAGS=-mcpu=cortex-a9 -mfpu=vfpv3 -mfloat-abi=hard -nostartfiles"
"Compiling usbps"
"Running Make libs in ps7_cortexa9_0/libsrc/xadcps_v2_2/src"
make -C ps7_cortexa9_0/libsrc/xadcps_v2_2/src -s libs  "SHELL=CMD" "COMPILER=arm-none-eabi-gcc" "ARCHIVER=arm-none-eabi-ar" "COMPILER_FLAGS=  -O2 -c" "EXTRA_COMPILER_FLAGS=-mcpu=cortex-a9 -mfpu=vfpv3 -mfloat-abi=hard -nostartfiles"
"Compiling xadcps"
'Finished building libraries'
13:00:17 **** Build of configuration Debug for project gpsImode_proj ****
make pre-build main-build 
a9-linaro-pre-build-step
' '
'Building file: ../src/GPS.c'
'Invoking: ARM v7 gcc compiler'
arm-none-eabi-gcc -Wall -O0 -g3 -c -fmessage-length=0 -MT"src/GPS.o" -mcpu=cortex-a9 -mfpu=vfpv3 -mfloat-abi=hard -I../../gpsImode_proj_bsp/ps7_cortexa9_0/include -MMD -MP -MF"src/GPS.d" -MT"src/GPS.o" -o "src/GPS.o" "../src/GPS.c"
../src/GPS.c: In function 'Gps_GetTimeInfo':
../src/GPS.c:71:2: warning: implicit declaration of function 'sscanf' [-Wimplicit-function-declaration]
  sscanf(GpsBuffer,"$GNRMC,%2d%2d%2d",
  ^
../src/GPS.c:71:2: warning: incompatible implicit declaration of built-in function 'sscanf'
../src/GPS.c:71:9: warning: pointer targets in passing argument 1 of 'sscanf' differ in signedness [-Wpointer-sign]
  sscanf(GpsBuffer,"$GNRMC,%2d%2d%2d",
         ^
../src/GPS.c:71:9: note: expected 'const char *' but argument is of type 'u8 *'
../src/GPS.c:74:9: warning: pointer targets in passing argument 1 of 'sscanf' differ in signedness [-Wpointer-sign]
  sscanf(GpsBuffer+Index-15,"%2d%2d%2d",
         ^
../src/GPS.c:74:9: note: expected 'const char *' but argument is of type 'u8 *'
'Finished building: ../src/GPS.c'
' '
'Building file: ../src/helloworld.c'
'Invoking: ARM v7 gcc compiler'
arm-none-eabi-gcc -Wall -O0 -g3 -c -fmessage-length=0 -MT"src/helloworld.o" -mcpu=cortex-a9 -mfpu=vfpv3 -mfloat-abi=hard -I../../gpsImode_proj_bsp/ps7_cortexa9_0/include -MMD -MP -MF"src/helloworld.d" -MT"src/helloworld.o" -o "src/helloworld.o" "../src/helloworld.c"
'Finished building: ../src/helloworld.c'
' '
'Building file: ../src/platform.c'
'Invoking: ARM v7 gcc compiler'
arm-none-eabi-gcc -Wall -O0 -g3 -c -fmessage-length=0 -MT"src/platform.o" -mcpu=cortex-a9 -mfpu=vfpv3 -mfloat-abi=hard -I../../gpsImode_proj_bsp/ps7_cortexa9_0/include -MMD -MP -MF"src/platform.d" -MT"src/platform.o" -o "src/platform.o" "../src/platform.c"
'Finished building: ../src/platform.c'
' '
'Building target: gpsImode_proj.elf'
'Invoking: ARM v7 gcc linker'
arm-none-eabi-gcc -mcpu=cortex-a9 -mfpu=vfpv3 -mfloat-abi=hard -Wl,-build-id=none -specs=Xilinx.spec -Wl,-T -Wl,../src/lscript.ld -L../../gpsImode_proj_bsp/ps7_cortexa9_0/lib -o "gpsImode_proj.elf"  ./src/GPS.o ./src/helloworld.o ./src/platform.o   -Wl,--start-group,-lxil,-lgcc,-lc,--end-group
'Finished building target: gpsImode_proj.elf'
' '
'Invoking: ARM v7 Print Size'
arm-none-eabi-size gpsImode_proj.elf  |tee "gpsImode_proj.elf.size"
   text	   data	    bss	    dec	    hex	filename
 114168	   2696	  23340	 140204	  223ac	gpsImode_proj.elf
'Finished building: gpsImode_proj.elf.size'
' '
13:00:57 **** Auto Build of configuration Debug for project gpsImode_proj ****
make pre-build main-build 
a9-linaro-pre-build-step
' '
'Building file: ../src/helloworld.c'
'Invoking: ARM v7 gcc compiler'
arm-none-eabi-gcc -Wall -O0 -g3 -c -fmessage-length=0 -MT"src/helloworld.o" -mcpu=cortex-a9 -mfpu=vfpv3 -mfloat-abi=hard -I../../gpsImode_proj_bsp/ps7_cortexa9_0/include -MMD -MP -MF"src/helloworld.d" -MT"src/helloworld.o" -o "src/helloworld.o" "../src/helloworld.c"
'Finished building: ../src/helloworld.c'
' '
'Building target: gpsImode_proj.elf'
'Invoking: ARM v7 gcc linker'
arm-none-eabi-gcc -mcpu=cortex-a9 -mfpu=vfpv3 -mfloat-abi=hard -Wl,-build-id=none -specs=Xilinx.spec -Wl,-T -Wl,../src/lscript.ld -L../../gpsImode_proj_bsp/ps7_cortexa9_0/lib -o "gpsImode_proj.elf"  ./src/GPS.o ./src/helloworld.o ./src/platform.o   -Wl,--start-group,-lxil,-lgcc,-lc,--end-group
'Finished building target: gpsImode_proj.elf'
' '
'Invoking: ARM v7 Print Size'
arm-none-eabi-size gpsImode_proj.elf  |tee "gpsImode_proj.elf.size"
   text	   data	    bss	    dec	    hex	filename
 114168	   2696	  23340	 140204	  223ac	gpsImode_proj.elf
'Finished building: gpsImode_proj.elf.size'
' '
13:01:19 **** Auto Build of configuration Debug for project gpsImode_proj ****
make pre-build main-build 
a9-linaro-pre-build-step
' '
'Building file: ../src/GPS.c'
'Invoking: ARM v7 gcc compiler'
arm-none-eabi-gcc -Wall -O0 -g3 -c -fmessage-length=0 -MT"src/GPS.o" -mcpu=cortex-a9 -mfpu=vfpv3 -mfloat-abi=hard -I../../gpsImode_proj_bsp/ps7_cortexa9_0/include -MMD -MP -MF"src/GPS.d" -MT"src/GPS.o" -o "src/GPS.o" "../src/GPS.c"
../src/GPS.c: In function 'Gps_GetTimeInfo':
../src/GPS.c:71:2: warning: implicit declaration of function 'sscanf' [-Wimplicit-function-declaration]
  sscanf(GpsBuffer,"$GNRMC,%2d%2d%2d",
  ^
../src/GPS.c:71:2: warning: incompatible implicit declaration of built-in function 'sscanf'
../src/GPS.c:71:9: warning: pointer targets in passing argument 1 of 'sscanf' differ in signedness [-Wpointer-sign]
  sscanf(GpsBuffer,"$GNRMC,%2d%2d%2d",
         ^
../src/GPS.c:71:9: note: expected 'const char *' but argument is of type 'u8 *'
../src/GPS.c:74:9: warning: pointer targets in passing argument 1 of 'sscanf' differ in signedness [-Wpointer-sign]
  sscanf(GpsBuffer+Index-15,"%2d%2d%2d",
         ^
../src/GPS.c:74:9: note: expected 'const char *' but argument is of type 'u8 *'
'Finished building: ../src/GPS.c'
' '
'Building target: gpsImode_proj.elf'
'Invoking: ARM v7 gcc linker'
arm-none-eabi-gcc -mcpu=cortex-a9 -mfpu=vfpv3 -mfloat-abi=hard -Wl,-build-id=none -specs=Xilinx.spec -Wl,-T -Wl,../src/lscript.ld -L../../gpsImode_proj_bsp/ps7_cortexa9_0/lib -o "gpsImode_proj.elf"  ./src/GPS.o ./src/helloworld.o ./src/platform.o   -Wl,--start-group,-lxil,-lgcc,-lc,--end-group
'Finished building target: gpsImode_proj.elf'
' '
'Invoking: ARM v7 Print Size'
arm-none-eabi-size gpsImode_proj.elf  |tee "gpsImode_proj.elf.size"
   text	   data	    bss	    dec	    hex	filename
 114168	   2696	  23340	 140204	  223ac	gpsImode_proj.elf
'Finished building: gpsImode_proj.elf.size'
' '
13:01:22 **** Incremental Build of configuration Debug for project gpsImode_proj ****
make pre-build main-build 
a9-linaro-pre-build-step
' '
make: Nothing to be done for `main-build'.
13:02:51 **** Auto Build of configuration Debug for project gpsImode_proj ****
make pre-build main-build 
a9-linaro-pre-build-step
' '
'Building file: ../src/helloworld.c'
'Invoking: ARM v7 gcc compiler'
arm-none-eabi-gcc -Wall -O0 -g3 -c -fmessage-length=0 -MT"src/helloworld.o" -mcpu=cortex-a9 -mfpu=vfpv3 -mfloat-abi=hard -I../../gpsImode_proj_bsp/ps7_cortexa9_0/include -MMD -MP -MF"src/helloworld.d" -MT"src/helloworld.o" -o "src/helloworld.o" "../src/helloworld.c"
'Finished building: ../src/helloworld.c'
' '
'Building target: gpsImode_proj.elf'
'Invoking: ARM v7 gcc linker'
arm-none-eabi-gcc -mcpu=cortex-a9 -mfpu=vfpv3 -mfloat-abi=hard -Wl,-build-id=none -specs=Xilinx.spec -Wl,-T -Wl,../src/lscript.ld -L../../gpsImode_proj_bsp/ps7_cortexa9_0/lib -o "gpsImode_proj.elf"  ./src/GPS.o ./src/helloworld.o ./src/platform.o   -Wl,--start-group,-lxil,-lgcc,-lc,--end-group
'Finished building target: gpsImode_proj.elf'
' '
'Invoking: ARM v7 Print Size'
arm-none-eabi-size gpsImode_proj.elf  |tee "gpsImode_proj.elf.size"
   text	   data	    bss	    dec	    hex	filename
 114168	   2696	  23340	 140204	  223ac	gpsImode_proj.elf
'Finished building: gpsImode_proj.elf.size'
' '
13:02:54 **** Incremental Build of configuration Debug for project gpsImode_proj ****
make pre-build main-build 
a9-linaro-pre-build-step
' '
make: Nothing to be done for `main-build'.
13:19:58 **** Clean-only build of configuration Debug for project gpsImode_proj ****
make clean 
rm -rf  ./src/GPS.o ./src/helloworld.o ./src/platform.o  ./src/GPS.d ./src/helloworld.d ./src/platform.d  gpsImode_proj.elf.size  gpsImode_proj.elf
' '
13:20:00 **** Clean-only build of project gpsImode_proj_bsp ****
make -k clean 
rm -f ps7_cortexa9_0/lib/libxil.a
13:20:00 **** Build of project gpsImode_proj_bsp ****
make -k all 
"Running Make include in ps7_cortexa9_0/libsrc/coresightps_dcc_v1_2/src"
make -C ps7_cortexa9_0/libsrc/coresightps_dcc_v1_2/src -s include  "SHELL=CMD" "COMPILER=arm-none-eabi-gcc" "ARCHIVER=arm-none-eabi-ar" "COMPILER_FLAGS=  -O2 -c" "EXTRA_COMPILER_FLAGS=-mcpu=cortex-a9 -mfpu=vfpv3 -mfloat-abi=hard -nostartfiles"
"Running Make include in ps7_cortexa9_0/libsrc/cpu_cortexa9_v2_2/src"
make -C ps7_cortexa9_0/libsrc/cpu_cortexa9_v2_2/src -s include  "SHELL=CMD" "COMPILER=arm-none-eabi-gcc" "ARCHIVER=arm-none-eabi-ar" "COMPILER_FLAGS=  -O2 -c" "EXTRA_COMPILER_FLAGS=-mcpu=cortex-a9 -mfpu=vfpv3 -mfloat-abi=hard -nostartfiles"
"Running Make include in ps7_cortexa9_0/libsrc/ddrps_v1_0/src"
[...]
a9-linaro-pre-build-step
' '
'Building file: ../src/SD_Card.c'
'Invoking: ARM v7 gcc compiler'
arm-none-eabi-gcc -Wall -O0 -g3 -c -fmessage-length=0 -MT"src/SD_Card.o" -mcpu=cortex-a9 -mfpu=vfpv3 -mfloat-abi=hard -I../../ImodeGps_bsp/ps7_cortexa9_0/include -MMD -MP -MF"src/SD_Card.d" -MT"src/SD_Card.o" -o "src/SD_Card.o" "../src/SD_Card.c"
../src/SD_Card.c: In function 'FfsSdPolledExample':
../src/SD_Card.c:83:11: warning: pointer targets in passing argument 1 of 'sprintf' differ in signedness [-Wpointer-sign]
   sprintf(SourceAddress + count_page * 72, "%8d\t%8d\t%8d\t%8d\t%8d\t%8d\t%8d\t%8d\n",
           ^
In file included from d:\xilinx\sdk\2016.2\gnu\aarch32\nt\gcc-arm-none-eabi\arm-none-eabi\include\stdio.h:29:0,
                 from ../src/SD_Card.c:8:
d:\xilinx\sdk\2016.2\gnu\aarch32\nt\gcc-arm-none-eabi\arm-none-eabi\include\stdio.h:221:5: note: expected 'char *' but argument is of type 'u8 *'
 int _EXFUN(sprintf, (char *__restrict, const char *__restrict, ...)
     ^
../src/SD_Card.c:92:59: warning: pointer targets in passing argument 1 of 'strlen' differ in signedness [-Wpointer-sign]
    Res = f_write(&fil, (const void*)SourceAddress, strlen(SourceAddress),&NumBytesWritten);
                                                           ^
In file included from d:\xilinx\sdk\2016.2\gnu\aarch32\nt\gcc-arm-none-eabi\arm-none-eabi\include\stdio.h:29:0,
                 from ../src/SD_Card.c:8:
d:\xilinx\sdk\2016.2\gnu\aarch32\nt\gcc-arm-none-eabi\arm-none-eabi\include\string.h:33:9: note: expected 'const char *' but argument is of type 'u8 *'
 size_t  _EXFUN(strlen,(const char *));
         ^
../src/SD_Card.c:93:28: warning: pointer targets in passing argument 1 of 'strlen' differ in signedness [-Wpointer-sign]
    printf("%d\r\n", strlen(SourceAddress));
                            ^
In file included from d:\xilinx\sdk\2016.2\gnu\aarch32\nt\gcc-arm-none-eabi\arm-none-eabi\include\stdio.h:29:0,
                 from ../src/SD_Card.c:8:
d:\xilinx\sdk\2016.2\gnu\aarch32\nt\gcc-arm-none-eabi\arm-none-eabi\include\string.h:33:9: note: expected 'const char *' but argument is of type 'u8 *'
 size_t  _EXFUN(strlen,(const char *));
         ^
../src/SD_Card.c:100:12: warning: pointer targets in passing argument 1 of 'strlen' differ in signedness [-Wpointer-sign]
  if(strlen(SourceAddress) != 0)
            ^
In file included from d:\xilinx\sdk\2016.2\gnu\aarch32\nt\gcc-arm-none-eabi\arm-none-eabi\include\stdio.h:29:0,
                 from ../src/SD_Card.c:8:
d:\xilinx\sdk\2016.2\gnu\aarch32\nt\gcc-arm-none-eabi\arm-none-eabi\include\string.h:33:9: note: expected 'const char *' but argument is of type 'u8 *'
 size_t  _EXFUN(strlen,(const char *));
         ^
../src/SD_Card.c:102:58: warning: pointer targets in passing argument 1 of 'strlen' differ in signedness [-Wpointer-sign]
   Res = f_write(&fil, (const void*)SourceAddress, strlen(SourceAddress),&NumBytesWritten);
                                                          ^
In file included from d:\xilinx\sdk\2016.2\gnu\aarch32\nt\gcc-arm-none-eabi\arm-none-eabi\include\stdio.h:29:0,
                 from ../src/SD_Card.c:8:
d:\xilinx\sdk\2016.2\gnu\aarch32\nt\gcc-arm-none-eabi\arm-none-eabi\include\string.h:33:9: note: expected 'const char *' but argument is of type 'u8 *'
 size_t  _EXFUN(strlen,(const char *));
         ^
../src/SD_Card.c:103:27: warning: pointer targets in passing argument 1 of 'strlen' differ in signedness [-Wpointer-sign]
   printf("%d\r\n", strlen(SourceAddress));
                           ^
In file included from d:\xilinx\sdk\2016.2\gnu\aarch32\nt\gcc-arm-none-eabi\arm-none-eabi\include\stdio.h:29:0,
                 from ../src/SD_Card.c:8:
d:\xilinx\sdk\2016.2\gnu\aarch32\nt\gcc-arm-none-eabi\arm-none-eabi\include\string.h:33:9: note: expected 'const char *' but argument is of type 'u8 *'
 size_t  _EXFUN(strlen,(const char *));
         ^
'Finished building: ../src/SD_Card.c'
' '
'Building file: ../src/imodeAndGps_proj.c'
'Invoking: ARM v7 gcc compiler'
arm-none-eabi-gcc -Wall -O0 -g3 -c -fmessage-length=0 -MT"src/imodeAndGps_proj.o" -mcpu=cortex-a9 -mfpu=vfpv3 -mfloat-abi=hard -I../../ImodeGps_bsp/ps7_cortexa9_0/include -MMD -MP -MF"src/imodeAndGps_proj.d" -MT"src/imodeAndGps_proj.o" -o "src/imodeAndGps_proj.o" "../src/imodeAndGps_proj.c"
../src/imodeAndGps_proj.c: In function 'main':
../src/imodeAndGps_proj.c:75:17: warning: initialization from incompatible pointer type
  int *pchandata=chandata;
                 ^
In file included from ../src/tdc.h:7:0,
                 from ../src/imodeAndGps_proj.c:45:
../src/imodeAndGps_proj.c: At top level:
../src/SD_Card.h:17:12: warning: 'fil' defined but not used [-Wunused-variable]
 static FIL fil;  /* File object */
            ^
../src/SD_Card.h:18:14: warning: 'fatfs' defined but not used [-Wunused-variable]
 static FATFS fatfs;
              ^
../src/SD_Card.h:19:13: warning: 'FileName' defined but not used [-Wunused-variable]
 static char FileName[32] = "data.bin";
             ^
../src/SD_Card.h:20:14: warning: 'SD_File' defined but not used [-Wunused-variable]
 static char *SD_File;
              ^
'Finished building: ../src/imodeAndGps_proj.c'
' '
'Building file: ../src/tdc.c'
'Invoking: ARM v7 gcc compiler'
arm-none-eabi-gcc -Wall -O0 -g3 -c -fmessage-length=0 -MT"src/tdc.o" -mcpu=cortex-a9 -mfpu=vfpv3 -mfloat-abi=hard -I../../ImodeGps_bsp/ps7_cortexa9_0/include -MMD -MP -MF"src/tdc.d" -MT"src/tdc.o" -o "src/tdc.o" "../src/tdc.c"
In file included from ../src/tdc.h:7:0,
                 from ../src/tdc.c:18:
../src/SD_Card.h:17:12: warning: 'fil' defined but not used [-Wunused-variable]
 static FIL fil;  /* File object */
            ^
../src/SD_Card.h:18:14: warning: 'fatfs' defined but not used [-Wunused-variable]
 static FATFS fatfs;
              ^
../src/SD_Card.h:19:13: warning: 'FileName' defined but not used [-Wunused-variable]
 static char FileName[32] = "data.bin";
             ^
../src/SD_Card.h:20:14: warning: 'SD_File' defined but not used [-Wunused-variable]
 static char *SD_File;
              ^
'Finished building: ../src/tdc.c'
' '
'Building target: ImodeGps_Proj.elf'
'Invoking: ARM v7 gcc linker'
arm-none-eabi-gcc -mcpu=cortex-a9 -mfpu=vfpv3 -mfloat-abi=hard -Wl,-build-id=none -specs=Xilinx.spec -Wl,-T -Wl,../src/lscript.ld -L../../ImodeGps_bsp/ps7_cortexa9_0/lib -o "ImodeGps_Proj.elf"  ./src/GPS.o ./src/SD_Card.o ./src/imodeAndGps_proj.o ./src/platform.o ./src/tdc.o   -Wl,--start-group,-lxil,-lgcc,-lc,--end-group -Wl,--start-group,-lxilffs,-lxil,-lgcc,-lc,--end-group
'Finished building target: ImodeGps_Proj.elf'
' '
'Invoking: ARM v7 Print Size'
arm-none-eabi-size ImodeGps_Proj.elf  |tee "ImodeGps_Proj.elf.size"
   text	   data	    bss	    dec	    hex	filename
 162336	   2812	21959744	22124892	151995c	ImodeGps_Proj.elf
'Finished building: ImodeGps_Proj.elf.size'
' '
14:57:47 **** Incremental Build of configuration Debug for project ImodeGps_Proj ****
make pre-build main-build 
a9-linaro-pre-build-step
' '
make: Nothing to be done for `main-build'.
15:00:03 **** Auto Build of configuration Debug for project ImodeGps_Proj ****
make pre-build main-build 
a9-linaro-pre-build-step
' '
'Building file: ../src/SD_Card.c'
'Invoking: ARM v7 gcc compiler'
arm-none-eabi-gcc -Wall -O0 -g3 -c -fmessage-length=0 -MT"src/SD_Card.o" -mcpu=cortex-a9 -mfpu=vfpv3 -mfloat-abi=hard -I../../ImodeGps_bsp/ps7_cortexa9_0/include -MMD -MP -MF"src/SD_Card.d" -MT"src/SD_Card.o" -o "src/SD_Card.o" "../src/SD_Card.c"
../src/SD_Card.c:40:5: error: conflicting types for 'FfsSdPolledExample'
 int FfsSdPolledExample(int *pchandata)
     ^
In file included from ../src/tdc.h:7:0,
                 from ../src/SD_Card.c:19:
../src/SD_Card.h:35:5: note: previous declaration of 'FfsSdPolledExample' was here
 int FfsSdPolledExample(int *pchandata, Time_Data *timeData);
     ^
../src/SD_Card.c: In function 'FfsSdPolledExample':
../src/SD_Card.c:83:11: warning: pointer targets in passing argument 1 of 'sprintf' differ in signedness [-Wpointer-sign]
   sprintf(SourceAddress + count_page * 72, "%8d\t%8d\t%8d\t%8d\t%8d\t%8d\t%8d\t%8d\n",
           ^
In file included from d:\xilinx\sdk\2016.2\gnu\aarch32\nt\gcc-arm-none-eabi\arm-none-eabi\include\stdio.h:29:0,
                 from ../src/SD_Card.c:8:
d:\xilinx\sdk\2016.2\gnu\aarch32\nt\gcc-arm-none-eabi\arm-none-eabi\include\stdio.h:221:5: note: expected 'char *' but argument is of type 'u8 *'
 int _EXFUN(sprintf, (char *__restrict, const char *__restrict, ...)
     ^
../src/SD_Card.c:92:59: warning: pointer targets in passing argument 1 of 'strlen' differ in signedness [-Wpointer-sign]
    Res = f_write(&fil, (const void*)SourceAddress, strlen(SourceAddress),&NumBytesWritten);
                                                           ^
In file included from d:\xilinx\sdk\2016.2\gnu\aarch32\nt\gcc-arm-none-eabi\arm-none-eabi\include\stdio.h:29:0,
                 from ../src/SD_Card.c:8:
d:\xilinx\sdk\2016.2\gnu\aarch32\nt\gcc-arm-none-eabi\arm-none-eabi\include\string.h:33:9: note: expected 'const char *' but argument is of type 'u8 *'
 size_t  _EXFUN(strlen,(const char *));
         ^
../src/SD_Card.c:93:28: warning: pointer targets in passing argument 1 of 'strlen' differ in signedness [-Wpointer-sign]
    printf("%d\r\n", strlen(SourceAddress));
                            ^
In file included from d:\xilinx\sdk\2016.2\gnu\aarch32\nt\gcc-arm-none-eabi\arm-none-eabi\include\stdio.h:29:0,
                 from ../src/SD_Card.c:8:
d:\xilinx\sdk\2016.2\gnu\aarch32\nt\gcc-arm-none-eabi\arm-none-eabi\include\string.h:33:9: note: expected 'const char *' but argument is of type 'u8 *'
 size_t  _EXFUN(strlen,(const char *));
         ^
../src/SD_Card.c:100:12: warning: pointer targets in passing argument 1 of 'strlen' differ in signedness [-Wpointer-sign]
  if(strlen(SourceAddress) != 0)
            ^
In file included from d:\xilinx\sdk\2016.2\gnu\aarch32\nt\gcc-arm-none-eabi\arm-none-eabi\include\stdio.h:29:0,
                 from ../src/SD_Card.c:8:
d:\xilinx\sdk\2016.2\gnu\aarch32\nt\gcc-arm-none-eabi\arm-none-eabi\include\string.h:33:9: note: expected 'const char *' but argument is of type 'u8 *'
 size_t  _EXFUN(strlen,(const char *));
         ^
../src/SD_Card.c:102:58: warning: pointer targets in passing argument 1 of 'strlen' differ in signedness [-Wpointer-sign]
   Res = f_write(&fil, (const void*)SourceAddress, strlen(SourceAddress),&NumBytesWritten);
                                                          ^
In file included from d:\xilinx\sdk\2016.2\gnu\aarch32\nt\gcc-arm-none-eabi\arm-none-eabi\include\stdio.h:29:0,
                 from ../src/SD_Card.c:8:
d:\xilinx\sdk\2016.2\gnu\aarch32\nt\gcc-arm-none-eabi\arm-none-eabi\include\string.h:33:9: note: expected 'const char *' but argument is of type 'u8 *'
 size_t  _EXFUN(strlen,(const char *));
         ^
../src/SD_Card.c:103:27: warning: pointer targets in passing argument 1 of 'strlen' differ in signedness [-Wpointer-sign]
   printf("%d\r\n", strlen(SourceAddress));
                           ^
In file included from d:\xilinx\sdk\2016.2\gnu\aarch32\nt\gcc-arm-none-eabi\arm-none-eabi\include\stdio.h:29:0,
                 from ../src/SD_Card.c:8:
d:\xilinx\sdk\2016.2\gnu\aarch32\nt\gcc-arm-none-eabi\arm-none-eabi\include\string.h:33:9: note: expected 'const char *' but argument is of type 'u8 *'
 size_t  _EXFUN(strlen,(const char *));
         ^
make: *** [src/SD_Card.o] ´íÎó 1
15:00:14 **** Auto Build of configuration Debug for project ImodeGps_Proj ****
make pre-build main-build 
a9-linaro-pre-build-step
' '
'Building file: ../src/SD_Card.c'
'Invoking: ARM v7 gcc compiler'
arm-none-eabi-gcc -Wall -O0 -g3 -c -fmessage-length=0 -MT"src/SD_Card.o" -mcpu=cortex-a9 -mfpu=vfpv3 -mfloat-abi=hard -I../../ImodeGps_bsp/ps7_cortexa9_0/include -MMD -MP -MF"src/SD_Card.d" -MT"src/SD_Card.o" -o "src/SD_Card.o" "../src/SD_Card.c"
../src/SD_Card.c: In function 'FfsSdPolledExample':
../src/SD_Card.c:83:11: warning: pointer targets in passing argument 1 of 'sprintf' differ in signedness [-Wpointer-sign]
   sprintf(SourceAddress + count_page * 72, "%8d\t%8d\t%8d\t%8d\t%8d\t%8d\t%8d\t%8d\n",
           ^
In file included from d:\xilinx\sdk\2016.2\gnu\aarch32\nt\gcc-arm-none-eabi\arm-none-eabi\include\stdio.h:29:0,
                 from ../src/SD_Card.c:8:
d:\xilinx\sdk\2016.2\gnu\aarch32\nt\gcc-arm-none-eabi\arm-none-eabi\include\stdio.h:221:5: note: expected 'char *' but argument is of type 'u8 *'
 int _EXFUN(sprintf, (char *__restrict, const char *__restrict, ...)
     ^
../src/SD_Card.c:92:59: warning: pointer targets in passing argument 1 of 'strlen' differ in signedness [-Wpointer-sign]
    Res = f_write(&fil, (const void*)SourceAddress, strlen(SourceAddress),&NumBytesWritten);
                                                           ^
In file included from d:\xilinx\sdk\2016.2\gnu\aarch32\nt\gcc-arm-none-eabi\arm-none-eabi\include\stdio.h:29:0,
                 from ../src/SD_Card.c:8:
d:\xilinx\sdk\2016.2\gnu\aarch32\nt\gcc-arm-none-eabi\arm-none-eabi\include\string.h:33:9: note: expected 'const char *' but argument is of type 'u8 *'
 size_t  _EXFUN(strlen,(const char *));
         ^
../src/SD_Card.c:93:28: warning: pointer targets in passing argument 1 of 'strlen' differ in signedness [-Wpointer-sign]
    printf("%d\r\n", strlen(SourceAddress));
                            ^
In file included from d:\xilinx\sdk\2016.2\gnu\aarch32\nt\gcc-arm-none-eabi\arm-none-eabi\include\stdio.h:29:0,
                 from ../src/SD_Card.c:8:
d:\xilinx\sdk\2016.2\gnu\aarch32\nt\gcc-arm-none-eabi\arm-none-eabi\include\string.h:33:9: note: expected 'const char *' but argument is of type 'u8 *'
 size_t  _EXFUN(strlen,(const char *));
         ^
../src/SD_Card.c:100:12: warning: pointer targets in passing argument 1 of 'strlen' differ in signedness [-Wpointer-sign]
  if(strlen(SourceAddress) != 0)
            ^
In file included from d:\xilinx\sdk\2016.2\gnu\aarch32\nt\gcc-arm-none-eabi\arm-none-eabi\include\stdio.h:29:0,
                 from ../src/SD_Card.c:8:
d:\xilinx\sdk\2016.2\gnu\aarch32\nt\gcc-arm-none-eabi\arm-none-eabi\include\string.h:33:9: note: expected 'const char *' but argument is of type 'u8 *'
 size_t  _EXFUN(strlen,(const char *));
         ^
../src/SD_Card.c:102:58: warning: pointer targets in passing argument 1 of 'strlen' differ in signedness [-Wpointer-sign]
   Res = f_write(&fil, (const void*)SourceAddress, strlen(SourceAddress),&NumBytesWritten);
                                                          ^
In file included from d:\xilinx\sdk\2016.2\gnu\aarch32\nt\gcc-arm-none-eabi\arm-none-eabi\include\stdio.h:29:0,
                 from ../src/SD_Card.c:8:
d:\xilinx\sdk\2016.2\gnu\aarch32\nt\gcc-arm-none-eabi\arm-none-eabi\include\string.h:33:9: note: expected 'const char *' but argument is of type 'u8 *'
 size_t  _EXFUN(strlen,(const char *));
         ^
../src/SD_Card.c:103:27: warning: pointer targets in passing argument 1 of 'strlen' differ in signedness [-Wpointer-sign]
   printf("%d\r\n", strlen(SourceAddress));
                           ^
In file included from d:\xilinx\sdk\2016.2\gnu\aarch32\nt\gcc-arm-none-eabi\arm-none-eabi\include\stdio.h:29:0,
                 from ../src/SD_Card.c:8:
d:\xilinx\sdk\2016.2\gnu\aarch32\nt\gcc-arm-none-eabi\arm-none-eabi\include\string.h:33:9: note: expected 'const char *' but argument is of type 'u8 *'
 size_t  _EXFUN(strlen,(const char *));
         ^
'Finished building: ../src/SD_Card.c'
' '
'Building file: ../src/imodeAndGps_proj.c'
'Invoking: ARM v7 gcc compiler'
arm-none-eabi-gcc -Wall -O0 -g3 -c -fmessage-length=0 -MT"src/imodeAndGps_proj.o" -mcpu=cortex-a9 -mfpu=vfpv3 -mfloat-abi=hard -I../../ImodeGps_bsp/ps7_cortexa9_0/include -MMD -MP -MF"src/imodeAndGps_proj.d" -MT"src/imodeAndGps_proj.o" -o "src/imodeAndGps_proj.o" "../src/imodeAndGps_proj.c"
../src/imodeAndGps_proj.c: In function 'main':
../src/imodeAndGps_proj.c:75:17: warning: initialization from incompatible pointer type
  int *pchandata=chandata;
                 ^
../src/imodeAndGps_proj.c:115:15: error: too few arguments to function 'FfsSdPolledExample'
      Status = FfsSdPolledExample(pchandata);//bylk
               ^
In file included from ../src/tdc.h:7:0,
                 from ../src/imodeAndGps_proj.c:45:
../src/SD_Card.h:35:5: note: declared here
 int FfsSdPolledExample(int *pchandata, Time_Data *timeData);
     ^
../src/imodeAndGps_proj.c: At top level:
../src/SD_Card.h:17:12: warning: 'fil' defined but not used [-Wunused-variable]
 static FIL fil;  /* File object */
            ^
../src/SD_Card.h:18:14: warning: 'fatfs' defined but not used [-Wunused-variable]
 static FATFS fatfs;
              ^
../src/SD_Card.h:19:13: warning: 'FileName' defined but not used [-Wunused-variable]
 static char FileName[32] = "data.bin";
             ^
../src/SD_Card.h:20:14: warning: 'SD_File' defined but not used [-Wunused-variable]
 static char *SD_File;
              ^
make: *** [src/imodeAndGps_proj.o] ´íÎó 1
15:00:28 **** Auto Build of configuration Debug for project ImodeGps_Proj ****
make pre-build main-build 
a9-linaro-pre-build-step
' '
'Building file: ../src/imodeAndGps_proj.c'
'Invoking: ARM v7 gcc compiler'
arm-none-eabi-gcc -Wall -O0 -g3 -c -fmessage-length=0 -MT"src/imodeAndGps_proj.o" -mcpu=cortex-a9 -mfpu=vfpv3 -mfloat-abi=hard -I../../ImodeGps_bsp/ps7_cortexa9_0/include -MMD -MP -MF"src/imodeAndGps_proj.d" -MT"src/imodeAndGps_proj.o" -o "src/imodeAndGps_proj.o" "../src/imodeAndGps_proj.c"
../src/imodeAndGps_proj.c: In function 'main':
../src/imodeAndGps_proj.c:75:17: warning: initialization from incompatible pointer type
  int *pchandata=chandata;
                 ^
In file included from ../src/tdc.h:7:0,
                 from ../src/imodeAndGps_proj.c:45:
../src/imodeAndGps_proj.c: At top level:
../src/SD_Card.h:17:12: warning: 'fil' defined but not used [-Wunused-variable]
 static FIL fil;  /* File object */
            ^
../src/SD_Card.h:18:14: warning: 'fatfs' defined but not used [-Wunused-variable]
 static FATFS fatfs;
              ^
../src/SD_Card.h:19:13: warning: 'FileName' defined but not used [-Wunused-variable]
 static char FileName[32] = "data.bin";
             ^
../src/SD_Card.h:20:14: warning: 'SD_File' defined but not used [-Wunused-variable]
 static char *SD_File;
              ^
'Finished building: ../src/imodeAndGps_proj.c'
' '
'Building file: ../src/tdc.c'
'Invoking: ARM v7 gcc compiler'
arm-none-eabi-gcc -Wall -O0 -g3 -c -fmessage-length=0 -MT"src/tdc.o" -mcpu=cortex-a9 -mfpu=vfpv3 -mfloat-abi=hard -I../../ImodeGps_bsp/ps7_cortexa9_0/include -MMD -MP -MF"src/tdc.d" -MT"src/tdc.o" -o "src/tdc.o" "../src/tdc.c"
In file included from ../src/tdc.h:7:0,
                 from ../src/tdc.c:18:
../src/SD_Card.h:17:12: warning: 'fil' defined but not used [-Wunused-variable]
 static FIL fil;  /* File object */
            ^
../src/SD_Card.h:18:14: warning: 'fatfs' defined but not used [-Wunused-variable]
 static FATFS fatfs;
              ^
../src/SD_Card.h:19:13: warning: 'FileName' defined but not used [-Wunused-variable]
 static char FileName[32] = "data.bin";
             ^
../src/SD_Card.h:20:14: warning: 'SD_File' defined but not used [-Wunused-variable]
 static char *SD_File;
              ^
'Finished building: ../src/tdc.c'
' '
'Building target: ImodeGps_Proj.elf'
'Invoking: ARM v7 gcc linker'
arm-none-eabi-gcc -mcpu=cortex-a9 -mfpu=vfpv3 -mfloat-abi=hard -Wl,-build-id=none -specs=Xilinx.spec -Wl,-T -Wl,../src/lscript.ld -L../../ImodeGps_bsp/ps7_cortexa9_0/lib -o "ImodeGps_Proj.elf"  ./src/GPS.o ./src/SD_Card.o ./src/imodeAndGps_proj.o ./src/platform.o ./src/tdc.o   -Wl,--start-group,-lxil,-lgcc,-lc,--end-group -Wl,--start-group,-lxilffs,-lxil,-lgcc,-lc,--end-group
'Finished building target: ImodeGps_Proj.elf'
' '
'Invoking: ARM v7 Print Size'
arm-none-eabi-size ImodeGps_Proj.elf  |tee "ImodeGps_Proj.elf.size"
   text	   data	    bss	    dec	    hex	filename
 162336	   2812	21959744	22124892	151995c	ImodeGps_Proj.elf
'Finished building: ImodeGps_Proj.elf.size'
' '
